Component: ARM Compiler 5.06 update 6 (build 750) Tool: armlink [4d35ed]

==============================================================================

Section Cross References

    main.o(i.TIM_LED_Config) refers to stm32f4xx_rcc.o(i.RCC_APB1PeriphClockCmd) for RCC_APB1PeriphClockCmd
    main.o(i.TIM_LED_Config) refers to misc.o(i.NVIC_PriorityGroupConfig) for NVIC_PriorityGroupConfig
    main.o(i.TIM_LED_Config) refers to misc.o(i.NVIC_Init) for NVIC_Init
    main.o(i.TIM_LED_Config) refers to stm32f4xx_tim.o(i.TIM_TimeBaseInit) for TIM_TimeBaseInit
    main.o(i.TIM_LED_Config) refers to stm32f4xx_tim.o(i.TIM_ARRPreloadConfig) for TIM_ARRPreloadConfig
    main.o(i.TIM_LED_Config) refers to stm32f4xx_tim.o(i.TIM_OC1Init) for TIM_OC1Init
    main.o(i.TIM_LED_Config) refers to stm32f4xx_tim.o(i.TIM_OC1PreloadConfig) for TIM_OC1PreloadConfig
    main.o(i.TIM_LED_Config) refers to stm32f4xx_tim.o(i.TIM_ITConfig) for TIM_ITConfig
    main.o(i.TIM_LED_Config) refers to stm32f4xx_tim.o(i.TIM_Cmd) for TIM_Cmd
    main.o(i.TIM_LED_Config) refers to system_stm32f4xx.o(.data) for SystemCoreClock
    main.o(i.TIM_LED_Config) refers to main.o(.data) for .data
    main.o(i.beep) refers to main.o(i.udelay) for udelay
    main.o(i.beep) refers to main.o(.data) for .data
    main.o(i.display_status) refers to stm32f4xx_gpio.o(i.GPIO_WriteBit) for GPIO_WriteBit
    main.o(i.display_status) refers to oled_spi.o(i.GLCD_icon_20) for GLCD_icon_20
    main.o(i.display_status) refers to oled_spi.o(i.GLCD_string_16) for GLCD_string_16
    main.o(i.display_status) refers to main.o(.bss) for .bss
    main.o(i.display_status) refers to oled_spi.o(.constdata) for S_font_40
    main.o(i.display_status) refers to main.o(.data) for .data
    main.o(i.load_data_from_flash) refers to main.o(i.save_data_to_flash) for save_data_to_flash
    main.o(i.load_data_from_flash) refers to main.o(.data) for .data
    main.o(i.load_data_from_flash) refers to main.o(.bss) for .bss
    main.o(i.main) refers to stm32f4_discovery.o(i.STM_EVAL_LEDInit) for STM_EVAL_LEDInit
    main.o(i.main) refers to stm32f4_discovery.o(i.STM_EVAL_LEDOn) for STM_EVAL_LEDOn
    main.o(i.main) refers to stm32f4_discovery.o(i.STM_EVAL_LEDOff) for STM_EVAL_LEDOff
    main.o(i.main) refers to stm32f4xx_rcc.o(i.RCC_GetClocksFreq) for RCC_GetClocksFreq
    main.o(i.main) refers to misc.o(i.NVIC_SetVectorTable) for NVIC_SetVectorTable
    main.o(i.main) refers to main.o(i.TIM_LED_Config) for TIM_LED_Config
    main.o(i.main) refers to stm32f4_discovery_audio_codec.o(i.EVAL_AUDIO_SetAudioInterface) for EVAL_AUDIO_SetAudioInterface
    main.o(i.main) refers to codec.o(i.Codec_Init) for Codec_Init
    main.o(i.main) refers to stm32f4_discovery_audio_codec.o(i.Audio_MAL_Init) for Audio_MAL_Init
    main.o(i.main) refers to waveplayer.o(i.WavePlayBack) for WavePlayBack
    main.o(i.main) refers to main.o(.bss) for .bss
    main.o(i.save_data_to_flash) refers to stm32f4xx_flash.o(i.FLASH_Unlock) for FLASH_Unlock
    main.o(i.save_data_to_flash) refers to stm32f4xx_flash.o(i.FLASH_ClearFlag) for FLASH_ClearFlag
    main.o(i.save_data_to_flash) refers to stm32f4xx_flash.o(i.FLASH_EraseSector) for FLASH_EraseSector
    main.o(i.save_data_to_flash) refers to stm32f4xx_flash.o(i.FLASH_Lock) for FLASH_Lock
    main.o(i.save_data_to_flash) refers to stm32f4xx_flash.o(i.FLASH_ProgramWord) for FLASH_ProgramWord
    main.o(i.save_data_to_flash) refers to main.o(.bss) for .bss
    main.o(i.save_data_to_flash) refers to main.o(.data) for .data
    stm32f4xx_it.o(i.EXTI0_IRQHandler) refers to stm32f4xx_exti.o(i.EXTI_GetITStatus) for EXTI_GetITStatus
    stm32f4xx_it.o(i.EXTI0_IRQHandler) refers to stm32f4xx_exti.o(i.EXTI_ClearITPendingBit) for EXTI_ClearITPendingBit
    stm32f4xx_it.o(i.EXTI1_IRQHandler) refers to stm32f4xx_exti.o(i.EXTI_GetITStatus) for EXTI_GetITStatus
    stm32f4xx_it.o(i.EXTI1_IRQHandler) refers to stm32f4xx_exti.o(i.EXTI_ClearITPendingBit) for EXTI_ClearITPendingBit
    stm32f4xx_it.o(i.EXTI1_IRQHandler) refers to stm32f4xx_it.o(.data) for .data
    stm32f4xx_it.o(i.SysTick_Handler) refers to waveplayer.o(i.TimingDelay_Decrement) for TimingDelay_Decrement
    stm32f4xx_it.o(i.TIM4_IRQHandler) refers to stm32f4xx_tim.o(i.TIM_GetITStatus) for TIM_GetITStatus
    stm32f4xx_it.o(i.TIM4_IRQHandler) refers to stm32f4xx_tim.o(i.TIM_ClearITPendingBit) for TIM_ClearITPendingBit
    stm32f4xx_it.o(i.TIM4_IRQHandler) refers to stm32f4xx_tim.o(i.TIM_GetCapture1) for TIM_GetCapture1
    stm32f4xx_it.o(i.TIM4_IRQHandler) refers to stm32f4xx_tim.o(i.TIM_SetCompare1) for TIM_SetCompare1
    stm32f4xx_it.o(i.TIM4_IRQHandler) refers to stm32f4xx_it.o(.data) for .data
    stm32f4xx_it.o(i.TIM4_IRQHandler) refers to main.o(.data) for lPlay
    system_stm32f4xx.o(i.SystemCoreClockUpdate) refers to system_stm32f4xx.o(.data) for .data
    system_stm32f4xx.o(i.SystemInit) refers to system_stm32f4xx.o(i.SetSysClock) for SetSysClock
[...]
    Removing stm32f4xx_dma.o(i.DMA_DoubleBufferModeConfig), (22 bytes).
    Removing stm32f4xx_dma.o(i.DMA_FlowControllerConfig), (20 bytes).
    Removing stm32f4xx_dma.o(i.DMA_GetCurrDataCounter), (6 bytes).
    Removing stm32f4xx_dma.o(i.DMA_GetCurrentMemoryTarget), (14 bytes).
    Removing stm32f4xx_dma.o(i.DMA_GetFIFOStatus), (8 bytes).
    Removing stm32f4xx_dma.o(i.DMA_GetITStatus), (84 bytes).
    Removing stm32f4xx_dma.o(i.DMA_MemoryTargetConfig), (10 bytes).
    Removing stm32f4xx_dma.o(i.DMA_PeriphIncOffsetSizeConfig), (20 bytes).
    Removing stm32f4xx_dma.o(i.DMA_SetCurrDataCounter), (4 bytes).
    Removing stm32f4xx_dma.o(i.DMA_StructInit), (34 bytes).
    Removing stm32f4xx_exti.o(.emb_text), (8 bytes).
    Removing stm32f4xx_exti.o(i.EXTI_ClearFlag), (12 bytes).
    Removing stm32f4xx_exti.o(i.EXTI_DeInit), (36 bytes).
    Removing stm32f4xx_exti.o(i.EXTI_GenerateSWInterrupt), (16 bytes).
    Removing stm32f4xx_exti.o(i.EXTI_GetFlagStatus), (20 bytes).
    Removing stm32f4xx_exti.o(i.EXTI_Init), (112 bytes).
    Removing stm32f4xx_exti.o(i.EXTI_StructInit), (14 bytes).
    Removing stm32f4xx_flash.o(.emb_text), (8 bytes).
    Removing stm32f4xx_flash.o(i.FLASH_ClearFlag), (12 bytes).
    Removing stm32f4xx_flash.o(i.FLASH_DataCacheCmd), (28 bytes).
    Removing stm32f4xx_flash.o(i.FLASH_DataCacheReset), (16 bytes).
    Removing stm32f4xx_flash.o(i.FLASH_EraseAllSectors), (92 bytes).
    Removing stm32f4xx_flash.o(i.FLASH_EraseSector), (108 bytes).
    Removing stm32f4xx_flash.o(i.FLASH_GetFlagStatus), (20 bytes).
    Removing stm32f4xx_flash.o(i.FLASH_GetStatus), (52 bytes).
    Removing stm32f4xx_flash.o(i.FLASH_ITConfig), (24 bytes).
    Removing stm32f4xx_flash.o(i.FLASH_InstructionCacheCmd), (28 bytes).
    Removing stm32f4xx_flash.o(i.FLASH_InstructionCacheReset), (16 bytes).
    Removing stm32f4xx_flash.o(i.FLASH_Lock), (16 bytes).
    Removing stm32f4xx_flash.o(i.FLASH_OB_BORConfig), (24 bytes).
    Removing stm32f4xx_flash.o(i.FLASH_OB_GetBOR), (16 bytes).
    Removing stm32f4xx_flash.o(i.FLASH_OB_GetRDP), (20 bytes).
    Removing stm32f4xx_flash.o(i.FLASH_OB_GetUser), (16 bytes).
    Removing stm32f4xx_flash.o(i.FLASH_OB_GetWRP), (12 bytes).
    Removing stm32f4xx_flash.o(i.FLASH_OB_Launch), (20 bytes).
    Removing stm32f4xx_flash.o(i.FLASH_OB_Lock), (16 bytes).
    Removing stm32f4xx_flash.o(i.FLASH_OB_RDPConfig), (24 bytes).
    Removing stm32f4xx_flash.o(i.FLASH_OB_Unlock), (36 bytes).
    Removing stm32f4xx_flash.o(i.FLASH_OB_UserConfig), (40 bytes).
    Removing stm32f4xx_flash.o(i.FLASH_OB_WRPConfig), (36 bytes).
    Removing stm32f4xx_flash.o(i.FLASH_PrefetchBufferCmd), (28 bytes).
    Removing stm32f4xx_flash.o(i.FLASH_ProgramByte), (56 bytes).
    Removing stm32f4xx_flash.o(i.FLASH_ProgramDoubleWord), (64 bytes).
    Removing stm32f4xx_flash.o(i.FLASH_ProgramHalfWord), (60 bytes).
    Removing stm32f4xx_flash.o(i.FLASH_ProgramWord), (60 bytes).
    Removing stm32f4xx_flash.o(i.FLASH_SetLatency), (12 bytes).
    Removing stm32f4xx_flash.o(i.FLASH_Unlock), (36 bytes).
    Removing stm32f4xx_flash.o(i.FLASH_WaitForLastOperation), (30 bytes).
    Removing stm32f4xx_gpio.o(.emb_text), (8 bytes).
    Removing stm32f4xx_gpio.o(i.GPIO_DeInit), (228 bytes).
    Removing stm32f4xx_gpio.o(i.GPIO_PinLockConfig), (24 bytes).
    Removing stm32f4xx_gpio.o(i.GPIO_ReadInputData), (6 bytes).
    Removing stm32f4xx_gpio.o(i.GPIO_ReadInputDataBit), (14 bytes).
    Removing stm32f4xx_gpio.o(i.GPIO_ReadOutputData), (6 bytes).
    Removing stm32f4xx_gpio.o(i.GPIO_ReadOutputDataBit), (14 bytes).
    Removing stm32f4xx_gpio.o(i.GPIO_ResetBits), (4 bytes).
    Removing stm32f4xx_gpio.o(i.GPIO_SetBits), (4 bytes).
    Removing stm32f4xx_gpio.o(i.GPIO_StructInit), (18 bytes).
    Removing stm32f4xx_gpio.o(i.GPIO_ToggleBits), (8 bytes).
    Removing stm32f4xx_gpio.o(i.GPIO_Write), (4 bytes).
    Removing stm32f4xx_gpio.o(i.GPIO_WriteBit), (10 bytes).
    Removing stm32f4xx_i2c.o(.emb_text), (8 bytes).
    Removing stm32f4xx_i2c.o(i.I2C_ARPCmd), (20 bytes).
    Removing stm32f4xx_i2c.o(i.I2C_AcknowledgeConfig), (20 bytes).
    Removing stm32f4xx_i2c.o(i.I2C_CalculatePEC), (20 bytes).
    Removing stm32f4xx_i2c.o(i.I2C_ClearFlag), (6 bytes).
    Removing stm32f4xx_i2c.o(i.I2C_ClearITPendingBit), (6 bytes).
    Removing stm32f4xx_i2c.o(i.I2C_DMACmd), (20 bytes).
    Removing stm32f4xx_i2c.o(i.I2C_DMALastTransferCmd), (20 bytes).
    Removing stm32f4xx_i2c.o(i.I2C_DualAddressCmd), (20 bytes).
    Removing stm32f4xx_i2c.o(i.I2C_FastModeDutyCycleConfig), (22 bytes).
    Removing stm32f4xx_i2c.o(i.I2C_GeneralCallCmd), (20 bytes).
    Removing stm32f4xx_i2c.o(i.I2C_GetITStatus), (36 bytes).
    Removing stm32f4xx_i2c.o(i.I2C_GetLastEvent), (14 bytes).
    Removing stm32f4xx_i2c.o(i.I2C_GetPEC), (6 bytes).
    Removing stm32f4xx_i2c.o(i.I2C_ITConfig), (16 bytes).
    Removing stm32f4xx_i2c.o(i.I2C_NACKPositionConfig), (22 bytes).
    Removing stm32f4xx_i2c.o(i.I2C_OwnAddress2Config), (16 bytes).
    Removing stm32f4xx_i2c.o(i.I2C_PECPositionConfig), (22 bytes).
    Removing stm32f4xx_i2c.o(i.I2C_ReadRegister), (10 bytes).
    Removing stm32f4xx_i2c.o(i.I2C_ReceiveData), (6 bytes).
    Removing stm32f4xx_i2c.o(i.I2C_SMBusAlertConfig), (22 bytes).
    Removing stm32f4xx_i2c.o(i.I2C_SoftwareResetCmd), (20 bytes).
    Removing stm32f4xx_i2c.o(i.I2C_StretchClockCmd), (20 bytes).
    Removing stm32f4xx_i2c.o(i.I2C_StructInit), (28 bytes).
    Removing stm32f4xx_i2c.o(i.I2C_TransmitPEC), (20 bytes).
    Removing stm32f4xx_rcc.o(.emb_text), (8 bytes).
    Removing stm32f4xx_rcc.o(i.RCC_AHB1PeriphClockLPModeCmd), (24 bytes).
    Removing stm32f4xx_rcc.o(i.RCC_AHB1PeriphResetCmd), (24 bytes).
    Removing stm32f4xx_rcc.o(i.RCC_AHB2PeriphClockCmd), (24 bytes).
    Removing stm32f4xx_rcc.o(i.RCC_AHB2PeriphClockLPModeCmd), (24 bytes).
    Removing stm32f4xx_rcc.o(i.RCC_AHB2PeriphResetCmd), (24 bytes).
    Removing stm32f4xx_rcc.o(i.RCC_AHB3PeriphClockCmd), (24 bytes).
    Removing stm32f4xx_rcc.o(i.RCC_AHB3PeriphClockLPModeCmd), (24 bytes).
    Removing stm32f4xx_rcc.o(i.RCC_AHB3PeriphResetCmd), (24 bytes).
    Removing stm32f4xx_rcc.o(i.RCC_APB1PeriphClockLPModeCmd), (24 bytes).
    Removing stm32f4xx_rcc.o(i.RCC_APB2PeriphClockCmd), (24 bytes).
    Removing stm32f4xx_rcc.o(i.RCC_APB2PeriphClockLPModeCmd), (24 bytes).
    Removing stm32f4xx_rcc.o(i.RCC_AdjustHSICalibrationValue), (20 bytes).
    Removing stm32f4xx_rcc.o(i.RCC_BackupResetCmd), (12 bytes).
    Removing stm32f4xx_rcc.o(i.RCC_ClearFlag), (16 bytes).
    Removing stm32f4xx_rcc.o(i.RCC_ClearITPendingBit), (12 bytes).
    Removing stm32f4xx_rcc.o(i.RCC_ClockSecuritySystemCmd), (12 bytes).
    Removing stm32f4xx_rcc.o(i.RCC_DeInit), (60 bytes).
    Removing stm32f4xx_rcc.o(i.RCC_GetFlagStatus), (52 bytes).
    Removing stm32f4xx_rcc.o(i.RCC_GetITStatus), (20 bytes).
    Removing stm32f4xx_rcc.o(i.RCC_GetSYSCLKSource), (16 bytes).
    Removing stm32f4xx_rcc.o(i.RCC_HCLKConfig), (20 bytes).
    Removing stm32f4xx_rcc.o(i.RCC_HSEConfig), (16 bytes).
    Removing stm32f4xx_rcc.o(i.RCC_HSICmd), (12 bytes).
    Removing stm32f4xx_rcc.o(i.RCC_I2SCLKConfig), (12 bytes).
    Removing stm32f4xx_rcc.o(i.RCC_ITConfig), (24 bytes).
    Removing stm32f4xx_rcc.o(i.RCC_LSEConfig), (28 bytes).
    Removing stm32f4xx_rcc.o(i.RCC_LSICmd), (12 bytes).
    Removing stm32f4xx_rcc.o(i.RCC_MCO1Config), (20 bytes).
    Removing stm32f4xx_rcc.o(i.RCC_MCO2Config), (20 bytes).
    Removing stm32f4xx_rcc.o(i.RCC_PCLK1Config), (20 bytes).
    Removing stm32f4xx_rcc.o(i.RCC_PCLK2Config), (20 bytes).
    Removing stm32f4xx_rcc.o(i.RCC_PLLCmd), (12 bytes).
    Removing stm32f4xx_rcc.o(i.RCC_PLLConfig), (40 bytes).
    Removing stm32f4xx_rcc.o(i.RCC_PLLI2SCmd), (12 bytes).
    Removing stm32f4xx_rcc.o(i.RCC_PLLI2SConfig), (16 bytes).
    Removing stm32f4xx_rcc.o(i.RCC_RTCCLKCmd), (12 bytes).
    Removing stm32f4xx_rcc.o(i.RCC_RTCCLKConfig), (48 bytes).
    Removing stm32f4xx_rcc.o(i.RCC_SYSCLKConfig), (20 bytes).
    Removing stm32f4xx_rcc.o(i.RCC_WaitForHSEStartUp), (44 bytes).
    Removing stm32f4xx_spi.o(.emb_text), (8 bytes).
    Removing stm32f4xx_spi.o(i.I2S_StructInit), (18 bytes).
    Removing stm32f4xx_spi.o(i.SPI_BiDirectionalLineConfig), (22 bytes).
    Removing stm32f4xx_spi.o(i.SPI_CalculateCRC), (20 bytes).
    Removing stm32f4xx_spi.o(i.SPI_Cmd), (20 bytes).
    Removing stm32f4xx_spi.o(i.SPI_DataSizeConfig), (16 bytes).
    Removing stm32f4xx_spi.o(i.SPI_GetCRC), (12 bytes).
    Removing stm32f4xx_spi.o(i.SPI_GetCRCPolynomial), (4 bytes).
    Removing stm32f4xx_spi.o(i.SPI_I2S_ClearFlag), (6 bytes).
    Removing stm32f4xx_spi.o(i.SPI_I2S_ClearITPendingBit), (14 bytes).
    Removing stm32f4xx_spi.o(i.SPI_I2S_GetITStatus), (42 bytes).
    Removing stm32f4xx_spi.o(i.SPI_I2S_ITConfig), (24 bytes).
    Removing stm32f4xx_spi.o(i.SPI_I2S_ReceiveData), (4 bytes).
    Removing stm32f4xx_spi.o(i.SPI_Init), (56 bytes).
    Removing stm32f4xx_spi.o(i.SPI_NSSInternalSoftwareConfig), (24 bytes).
    Removing stm32f4xx_spi.o(i.SPI_SSOutputCmd), (20 bytes).
    Removing stm32f4xx_spi.o(i.SPI_StructInit), (24 bytes).
    Removing stm32f4xx_spi.o(i.SPI_TIModeCmd), (20 bytes).
    Removing stm32f4xx_spi.o(i.SPI_TransmitCRC), (10 bytes).
    Removing stm32f4xx_tim.o(.emb_text), (8 bytes).
    Removing stm32f4xx_tim.o(i.TI1_Config), (46 bytes).
    Removing stm32f4xx_tim.o(i.TI2_Config), (54 bytes).
    Removing stm32f4xx_tim.o(i.TIM_BDTRConfig), (34 bytes).
    Removing stm32f4xx_tim.o(i.TIM_BDTRStructInit), (18 bytes).
    Removing stm32f4xx_tim.o(i.TIM_CCPreloadControl), (20 bytes).
    Removing stm32f4xx_tim.o(i.TIM_CCxCmd), (22 bytes).
    Removing stm32f4xx_tim.o(i.TIM_CCxNCmd), (22 bytes).
    Removing stm32f4xx_tim.o(i.TIM_ClearFlag), (6 bytes).
    Removing stm32f4xx_tim.o(i.TIM_ClearOC1Ref), (12 bytes).
    Removing stm32f4xx_tim.o(i.TIM_ClearOC2Ref), (20 bytes).
    Removing stm32f4xx_tim.o(i.TIM_ClearOC3Ref), (12 bytes).
    Removing stm32f4xx_tim.o(i.TIM_ClearOC4Ref), (20 bytes).
    Removing stm32f4xx_tim.o(i.TIM_CounterModeConfig), (12 bytes).
    Removing stm32f4xx_tim.o(i.TIM_CtrlPWMOutputs), (22 bytes).
    Removing stm32f4xx_tim.o(i.TIM_DMACmd), (16 bytes).
    Removing stm32f4xx_tim.o(i.TIM_DMAConfig), (8 bytes).
    Removing stm32f4xx_tim.o(i.TIM_DeInit), (336 bytes).
    Removing stm32f4xx_tim.o(i.TIM_ETRClockMode1Config), (18 bytes).
    Removing stm32f4xx_tim.o(i.TIM_ETRClockMode2Config), (18 bytes).
    Removing stm32f4xx_tim.o(i.TIM_ETRConfig), (24 bytes).
    Removing stm32f4xx_tim.o(i.TIM_EncoderInterfaceConfig), (50 bytes).
    Removing stm32f4xx_tim.o(i.TIM_ForcedOC1Config), (12 bytes).
    Removing stm32f4xx_tim.o(i.TIM_ForcedOC2Config), (20 bytes).
    Removing stm32f4xx_tim.o(i.TIM_ForcedOC3Config), (12 bytes).
    Removing stm32f4xx_tim.o(i.TIM_ForcedOC4Config), (20 bytes).
    Removing stm32f4xx_tim.o(i.TIM_GenerateEvent), (4 bytes).
    Removing stm32f4xx_tim.o(i.TIM_GetCapture2), (4 bytes).
    Removing stm32f4xx_tim.o(i.TIM_GetCapture3), (4 bytes).
    Removing stm32f4xx_tim.o(i.TIM_GetCapture4), (4 bytes).
    Removing stm32f4xx_tim.o(i.TIM_GetCounter), (4 bytes).
    Removing stm32f4xx_tim.o(i.TIM_GetFlagStatus), (14 bytes).
    Removing stm32f4xx_tim.o(i.TIM_GetPrescaler), (4 bytes).
    Removing stm32f4xx_tim.o(i.TIM_ICInit), (172 bytes).
    Removing stm32f4xx_tim.o(i.TIM_ICStructInit), (16 bytes).
    Removing stm32f4xx_tim.o(i.TIM_ITRxExternalClockConfig), (18 bytes).
    Removing stm32f4xx_tim.o(i.TIM_InternalClockConfig), (10 bytes).
    Removing stm32f4xx_tim.o(i.TIM_OC1FastConfig), (12 bytes).
    Removing stm32f4xx_tim.o(i.TIM_OC1NPolarityConfig), (12 bytes).
    Removing stm32f4xx_tim.o(i.TIM_OC1PolarityConfig), (12 bytes).
    Removing stm32f4xx_tim.o(i.TIM_OC2FastConfig), (20 bytes).
    Removing stm32f4xx_tim.o(i.TIM_OC2Init), (128 bytes).
    Removing stm32f4xx_tim.o(i.TIM_OC2NPolarityConfig), (20 bytes).
    Removing stm32f4xx_tim.o(i.TIM_OC2PolarityConfig), (20 bytes).
    Removing stm32f4xx_tim.o(i.TIM_OC2PreloadConfig), (20 bytes).
    Removing stm32f4xx_tim.o(i.TIM_OC3FastConfig), (12 bytes).
    Removing stm32f4xx_tim.o(i.TIM_OC3Init), (124 bytes).
    Removing stm32f4xx_tim.o(i.TIM_OC3NPolarityConfig), (20 bytes).
    Removing stm32f4xx_tim.o(i.TIM_OC3PolarityConfig), (20 bytes).
    Removing stm32f4xx_tim.o(i.TIM_OC3PreloadConfig), (12 bytes).
    Removing stm32f4xx_tim.o(i.TIM_OC4FastConfig), (20 bytes).
    Removing stm32f4xx_tim.o(i.TIM_OC4Init), (96 bytes).
    Removing stm32f4xx_tim.o(i.TIM_OC4PolarityConfig), (20 bytes).
    Removing stm32f4xx_tim.o(i.TIM_OC4PreloadConfig), (20 bytes).
    Removing stm32f4xx_tim.o(i.TIM_OCStructInit), (20 bytes).
    Removing stm32f4xx_tim.o(i.TIM_PWMIConfig), (108 bytes).
    Removing stm32f4xx_tim.o(i.TIM_PrescalerConfig), (6 bytes).
    Removing stm32f4xx_tim.o(i.TIM_RemapConfig), (6 bytes).
    Removing stm32f4xx_tim.o(i.TIM_SelectCCDMA), (20 bytes).
    Removing stm32f4xx_tim.o(i.TIM_SelectCOM), (20 bytes).
    Removing stm32f4xx_tim.o(i.TIM_SelectHallSensor), (20 bytes).
    Removing stm32f4xx_tim.o(i.TIM_SelectInputTrigger), (12 bytes).
    Removing stm32f4xx_tim.o(i.TIM_SelectMasterSlaveMode), (16 bytes).
    Removing stm32f4xx_tim.o(i.TIM_SelectOCxM), (74 bytes).
    Removing stm32f4xx_tim.o(i.TIM_SelectOnePulseMode), (16 bytes).
    Removing stm32f4xx_tim.o(i.TIM_SelectOutputTrigger), (16 bytes).
    Removing stm32f4xx_tim.o(i.TIM_SelectSlaveMode), (16 bytes).
    Removing stm32f4xx_tim.o(i.TIM_SetAutoreload), (4 bytes).
    Removing stm32f4xx_tim.o(i.TIM_SetClockDivision), (16 bytes).
    Removing stm32f4xx_tim.o(i.TIM_SetCompare2), (4 bytes).
    Removing stm32f4xx_tim.o(i.TIM_SetCompare3), (4 bytes).
    Removing stm32f4xx_tim.o(i.TIM_SetCompare4), (4 bytes).
    Removing stm32f4xx_tim.o(i.TIM_SetCounter), (4 bytes).
    Removing stm32f4xx_tim.o(i.TIM_SetIC1Prescaler), (16 bytes).
    Removing stm32f4xx_tim.o(i.TIM_SetIC2Prescaler), (24 bytes).
    Removing stm32f4xx_tim.o(i.TIM_SetIC3Prescaler), (16 bytes).
    Removing stm32f4xx_tim.o(i.TIM_SetIC4Prescaler), (24 bytes).
    Removing stm32f4xx_tim.o(i.TIM_TIxExternalClockConfig), (46 bytes).
    Removing stm32f4xx_tim.o(i.TIM_TimeBaseStructInit), (18 bytes).
    Removing stm32f4xx_tim.o(i.TIM_UpdateDisableConfig), (20 bytes).
    Removing stm32f4xx_tim.o(i.TIM_UpdateRequestConfig), (20 bytes).
    Removing stm32f4xx_usart.o(.emb_text), (8 bytes).
    Removing stm32f4xx_usart.o(i.USART_ClearFlag), (6 bytes).
    Removing stm32f4xx_usart.o(i.USART_ClearITPendingBit), (12 bytes).
    Removing stm32f4xx_usart.o(i.USART_ClockInit), (28 bytes).
    Removing stm32f4xx_usart.o(i.USART_ClockStructInit), (12 bytes).
    Removing stm32f4xx_usart.o(i.USART_Cmd), (20 bytes).
    Removing stm32f4xx_usart.o(i.USART_DMACmd), (16 bytes).
    Removing stm32f4xx_usart.o(i.USART_GetFlagStatus), (14 bytes).
    Removing stm32f4xx_usart.o(i.USART_GetITStatus), (62 bytes).
    Removing stm32f4xx_usart.o(i.USART_HalfDuplexCmd), (20 bytes).
    Removing stm32f4xx_usart.o(i.USART_ITConfig), (48 bytes).
    Removing stm32f4xx_usart.o(i.USART_IrDACmd), (20 bytes).
    Removing stm32f4xx_usart.o(i.USART_IrDAConfig), (16 bytes).
    Removing stm32f4xx_usart.o(i.USART_LINBreakDetectLengthConfig), (16 bytes).
    Removing stm32f4xx_usart.o(i.USART_LINCmd), (20 bytes).
    Removing stm32f4xx_usart.o(i.USART_OneBitMethodCmd), (20 bytes).
    Removing stm32f4xx_usart.o(i.USART_OverSampling8Cmd), (20 bytes).
    Removing stm32f4xx_usart.o(i.USART_ReceiveData), (8 bytes).
    Removing stm32f4xx_usart.o(i.USART_ReceiverWakeUpCmd), (20 bytes).
    Removing stm32f4xx_usart.o(i.USART_SendBreak), (10 bytes).
    Removing stm32f4xx_usart.o(i.USART_SendData), (8 bytes).
    Removing stm32f4xx_usart.o(i.USART_SetAddress), (16 bytes).
    Removing stm32f4xx_usart.o(i.USART_SetGuardTime), (16 bytes).
    Removing stm32f4xx_usart.o(i.USART_SetPrescaler), (16 bytes).
    Removing stm32f4xx_usart.o(i.USART_SmartCardCmd), (20 bytes).
    Removing stm32f4xx_usart.o(i.USART_SmartCardNACKCmd), (20 bytes).
    Removing stm32f4xx_usart.o(i.USART_StructInit), (22 bytes).
    Removing stm32f4xx_usart.o(i.USART_WakeUpConfig), (16 bytes).
    Removing startup_stm32f4xx.o(HEAP), (512 bytes).
    Removing tm_stm32f4_usart.o(.emb_text), (8 bytes).
    Removing tm_stm32f4_usart.o(i.TM_USART_BufferEmpty), (26 bytes).
    Removing tm_stm32f4_usart.o(i.TM_USART_BufferFull), (22 bytes).
    Removing tm_stm32f4_usart.o(i.TM_USART_ClearBuffer), (16 bytes).
    Removing tm_stm32f4_usart.o(i.TM_USART_FindCharacter), (50 bytes).
    Removing tm_stm32f4_usart.o(i.TM_USART_Getc), (52 bytes).
    Removing tm_stm32f4_usart.o(i.TM_USART_Gets), (82 bytes).
    Removing tm_stm32f4_usart.o(i.TM_USART_InitWithFlowControl), (84 bytes).
    Removing tm_stm32f4_usart.o(i.TM_USART_Puts), (48 bytes).
    Removing tm_stm32f4_usart.o(i.TM_USART_Send), (48 bytes).
    Removing tm_stm32f4_usart.o(i.TM_USART_SetCustomStringEndCharacter), (12 bytes).
    Removing dadd.o(.text), (334 bytes).
    Removing dmul.o(.text), (228 bytes).
    Removing ddiv.o(.text), (222 bytes).
    Removing dfixul.o(.text), (48 bytes).
    Removing cdrcmple.o(.text), (48 bytes).
    Removing depilogue.o(.text), (186 bytes).

511 unused section(s) (total 44706 bytes) removed from the image.

==============================================================================

Image Symbol Table

    Local Symbols

    Symbol Name                              Value     Ov Type        Size  Object(Section)

    ../clib/microlib/division.c              0x00000000   Number         0  uidiv.o ABSOLUTE
    ../clib/microlib/division.c              0x00000000   Number         0  uldiv.o ABSOLUTE
    ../clib/microlib/init/entry.s            0x00000000   Number         0  entry8b.o ABSOLUTE
    ../clib/microlib/init/entry.s            0x00000000   Number         0  entry.o ABSOLUTE
    ../clib/microlib/init/entry.s            0x00000000   Number         0  entry9a.o ABSOLUTE
    ../clib/microlib/init/entry.s            0x00000000   Number         0  entry7a.o ABSOLUTE
    ../clib/microlib/init/entry.s            0x00000000   Number         0  entry7b.o ABSOLUTE
    ../clib/microlib/init/entry.s            0x00000000   Number         0  entry11b.o ABSOLUTE
    ../clib/microlib/init/entry.s            0x00000000   Number         0  entry11a.o ABSOLUTE
    ../clib/microlib/init/entry.s            0x00000000   Number         0  entry8a.o ABSOLUTE
    ../clib/microlib/init/entry.s            0x00000000   Number         0  entry10b.o ABSOLUTE
    ../clib/microlib/init/entry.s            0x00000000   Number         0  entry10a.o ABSOLUTE
    ../clib/microlib/init/entry.s            0x00000000   Number         0  entry2.o ABSOLUTE
    ../clib/microlib/init/entry.s            0x00000000   Number         0  entry9b.o ABSOLUTE
    ../clib/microlib/init/entry.s            0x00000000   Number         0  entry5.o ABSOLUTE
    ../clib/microlib/longlong.c              0x00000000   Number         0  llsshr.o ABSOLUTE
    ../clib/microlib/longlong.c              0x00000000   Number         0  llushr.o ABSOLUTE
    ../clib/microlib/longlong.c              0x00000000   Number         0  llshl.o ABSOLUTE
    ../clib/microlib/printf/printf.c         0x00000000   Number         0  printf8.o ABSOLUTE
    ../clib/microlib/printf/printf.c         0x00000000   Number         0  printf3.o ABSOLUTE
    ../clib/microlib/printf/printf.c         0x00000000   Number         0  printf2.o ABSOLUTE
    ../clib/microlib/printf/printf.c         0x00000000   Number         0  printf0.o ABSOLUTE
    ../clib/microlib/printf/printf.c         0x00000000   Number         0  printf4.o ABSOLUTE
    ../clib/microlib/printf/printf.c         0x00000000   Number         0  printf5.o ABSOLUTE
    ../clib/microlib/printf/printf.c         0x00000000   Number         0  printf6.o ABSOLUTE
    ../clib/microlib/printf/printf.c         0x00000000   Number         0  printf7.o ABSOLUTE
    ../clib/microlib/printf/printf.c         0x00000000   Number         0  printfb.o ABSOLUTE
    ../clib/microlib/printf/printf.c         0x00000000   Number         0  printfa.o ABSOLUTE
    ../clib/microlib/printf/printf.c         0x00000000   Number         0  printf1.o ABSOLUTE
    ../clib/microlib/stubs.s                 0x00000000   Number         0  iusefp.o ABSOLUTE
    ../fplib/microlib/fpadd.c                0x00000000   Number         0  dadd.o ABSOLUTE
    ../fplib/microlib/fpdiv.c                0x00000000   Number         0  ddiv.o ABSOLUTE
    ../fplib/microlib/fpepilogue.c           0x00000000   Number         0  depilogue.o ABSOLUTE
    ../fplib/microlib/fpfix.c                0x00000000   Number         0  dfixul.o ABSOLUTE
    ../fplib/microlib/fpmul.c                0x00000000   Number         0  dmul.o ABSOLUTE
    ..\..\..\Libraries\CMSIS\ST\STM32F4xx\Source\Templates\arm\startup_stm32f4xx.s 0x00000000   Number         0  startup_stm32f4xx.o ABSOLUTE
    ..\..\..\Libraries\STM32F4xx_StdPeriph_Driver\src\misc.c 0x00000000   Number         0  misc.o ABSOLUTE
    ..\..\..\Libraries\STM32F4xx_StdPeriph_Driver\src\stm32f4xx_adc.c 0x00000000   Number         0  stm32f4xx_adc.o ABSOLUTE
    ..\..\..\Libraries\STM32F4xx_StdPeriph_Driver\src\stm32f4xx_dac.c 0x00000000   Number         0  stm32f4xx_dac.o ABSOLUTE
    ..\..\..\Libraries\STM32F4xx_StdPeriph_Driver\src\stm32f4xx_dma.c 0x00000000   Number         0  stm32f4xx_dma.o ABSOLUTE
    ..\..\..\Libraries\STM32F4xx_StdPeriph_Driver\src\stm32f4xx_exti.c 0x00000000   Number         0  stm32f4xx_exti.o ABSOLUTE
    ..\..\..\Libraries\STM32F4xx_StdPeriph_Driver\src\stm32f4xx_flash.c 0x00000000   Number         0  stm32f4xx_flash.o ABSOLUTE
    ..\..\..\Libraries\STM32F4xx_StdPeriph_Driver\src\stm32f4xx_gpio.c 0x00000000   Number         0  stm32f4xx_gpio.o ABSOLUTE
    ..\..\..\Libraries\STM32F4xx_StdPeriph_Driver\src\stm32f4xx_i2c.c 0x00000000   Number         0  stm32f4xx_i2c.o ABSOLUTE
    ..\..\..\Libraries\STM32F4xx_StdPeriph_Driver\src\stm32f4xx_rcc.c 0x00000000   Number         0  stm32f4xx_rcc.o ABSOLUTE
    ..\..\..\Libraries\STM32F4xx_StdPeriph_Driver\src\stm32f4xx_spi.c 0x00000000   Number         0  stm32f4xx_spi.o ABSOLUTE
    ..\..\..\Libraries\STM32F4xx_StdPeriph_Driver\src\stm32f4xx_syscfg.c 0x00000000   Number         0  stm32f4xx_syscfg.o ABSOLUTE
    ..\..\..\Libraries\STM32F4xx_StdPeriph_Driver\src\stm32f4xx_tim.c 0x00000000   Number         0  stm32f4xx_tim.o ABSOLUTE
    ..\..\..\Libraries\STM32F4xx_StdPeriph_Driver\src\stm32f4xx_usart.c 0x00000000   Number         0  stm32f4xx_usart.o ABSOLUTE
    ..\..\..\Libraries\tm_stm32f4xx\tm_stm32f4_usart.c 0x00000000   Number         0  tm_stm32f4_usart.o ABSOLUTE
    ..\..\..\Utilities\STM32F4-Discovery\stm32f4_discovery.c 0x00000000   Number         0  stm32f4_discovery.o ABSOLUTE
    ..\..\..\Utilities\STM32F4-Discovery\stm32f4_discovery_audio_codec.c 0x00000000   Number         0  stm32f4_discovery_audio_codec.o ABSOLUTE
    ..\\..\\..\\Libraries\\STM32F4xx_StdPeriph_Driver\\src\\misc.c 0x00000000   Number         0  misc.o ABSOLUTE
    ..\\..\\..\\Libraries\\STM32F4xx_StdPeriph_Driver\\src\\stm32f4xx_adc.c 0x00000000   Number         0  stm32f4xx_adc.o ABSOLUTE
    ..\\..\\..\\Libraries\\STM32F4xx_StdPeriph_Driver\\src\\stm32f4xx_dac.c 0x00000000   Number         0  stm32f4xx_dac.o ABSOLUTE
    ..\\..\\..\\Libraries\\STM32F4xx_StdPeriph_Driver\\src\\stm32f4xx_dma.c 0x00000000   Number         0  stm32f4xx_dma.o ABSOLUTE
    ..\\..\\..\\Libraries\\STM32F4xx_StdPeriph_Driver\\src\\stm32f4xx_exti.c 0x00000000   Number         0  stm32f4xx_exti.o ABSOLUTE
    ..\\..\\..\\Libraries\\STM32F4xx_StdPeriph_Driver\\src\\stm32f4xx_flash.c 0x00000000   Number         0  stm32f4xx_flash.o ABSOLUTE
    ..\\..\\..\\Libraries\\STM32F4xx_StdPeriph_Driver\\src\\stm32f4xx_gpio.c 0x00000000   Number         0  stm32f4xx_gpio.o ABSOLUTE
    ..\\..\\..\\Libraries\\STM32F4xx_StdPeriph_Driver\\src\\stm32f4xx_i2c.c 0x00000000   Number         0  stm32f4xx_i2c.o ABSOLUTE
    ..\\..\\..\\Libraries\\STM32F4xx_StdPeriph_Driver\\src\\stm32f4xx_rcc.c 0x00000000   Number         0  stm32f4xx_rcc.o ABSOLUTE
    ..\\..\\..\\Libraries\\STM32F4xx_StdPeriph_Driver\\src\\stm32f4xx_spi.c 0x00000000   Number         0  stm32f4xx_spi.o ABSOLUTE
    ..\\..\\..\\Libraries\\STM32F4xx_StdPeriph_Driver\\src\\stm32f4xx_syscfg.c 0x00000000   Number         0  stm32f4xx_syscfg.o ABSOLUTE
    ..\\..\\..\\Libraries\\STM32F4xx_StdPeriph_Driver\\src\\stm32f4xx_tim.c 0x00000000   Number         0  stm32f4xx_tim.o ABSOLUTE
    ..\\..\\..\\Libraries\\STM32F4xx_StdPeriph_Driver\\src\\stm32f4xx_usart.c 0x00000000   Number         0  stm32f4xx_usart.o ABSOLUTE
    ..\\..\\..\\Libraries\\tm_stm32f4xx\\tm_stm32f4_usart.c 0x00000000   Number         0  tm_stm32f4_usart.o ABSOLUTE
    ..\\..\\..\\Utilities\\STM32F4-Discovery\\stm32f4_discovery.c 0x00000000   Number         0  stm32f4_discovery.o ABSOLUTE
    ..\\..\\..\\Utilities\\STM32F4-Discovery\\stm32f4_discovery_audio_codec.c 0x00000000   Number         0  stm32f4_discovery_audio_codec.o ABSOLUTE
    ..\\src\\audio_sample.c                  0x00000000   Number         0  audio_sample.o ABSOLUTE
    ..\\src\\codec.c                         0x00000000   Number         0  codec.o ABSOLUTE
    ..\\src\\main.c                          0x00000000   Number         0  main.o ABSOLUTE
    ..\\src\\max7219.c                       0x00000000   Number         0  max7219.o ABSOLUTE
    ..\\src\\oled_spi.c                      0x00000000   Number         0  oled_spi.o ABSOLUTE
    ..\\src\\stm32f4xx_it.c                  0x00000000   Number         0  stm32f4xx_it.o ABSOLUTE
    ..\\src\\system_stm32f4xx.c              0x00000000   Number         0  system_stm32f4xx.o ABSOLUTE
    ..\\src\\tm_stm32f4_gpio.c               0x00000000   Number         0  tm_stm32f4_gpio.o ABSOLUTE
    ..\\src\\tm_stm32f4_i2c.c                0x00000000   Number         0  tm_stm32f4_i2c.o ABSOLUTE
    ..\\src\\tm_stm32f4_spi.c                0x00000000   Number         0  tm_stm32f4_spi.o ABSOLUTE
    ..\\src\\waveplayer.c                    0x00000000   Number         0  waveplayer.o ABSOLUTE
    ..\src\audio_sample.c                    0x00000000   Number         0  audio_sample.o ABSOLUTE
    ..\src\codec.c                           0x00000000   Number         0  codec.o ABSOLUTE
    ..\src\main.c                            0x00000000   Number         0  main.o ABSOLUTE
    ..\src\max7219.c                         0x00000000   Number         0  max7219.o ABSOLUTE
    ..\src\oled_spi.c                        0x00000000   Number         0  oled_spi.o ABSOLUTE
    ..\src\stm32f4xx_it.c                    0x00000000   Number         0  stm32f4xx_it.o ABSOLUTE
    ..\src\system_stm32f4xx.c                0x00000000   Number         0  system_stm32f4xx.o ABSOLUTE
    ..\src\tm_stm32f4_gpio.c                 0x00000000   Number         0  tm_stm32f4_gpio.o ABSOLUTE
    ..\src\tm_stm32f4_i2c.c                  0x00000000   Number         0  tm_stm32f4_i2c.o ABSOLUTE
    ..\src\tm_stm32f4_spi.c                  0x00000000   Number         0  tm_stm32f4_spi.o ABSOLUTE
    ..\src\waveplayer.c                      0x00000000   Number         0  waveplayer.o ABSOLUTE
    cdrcmple.s                               0x00000000   Number         0  cdrcmple.o ABSOLUTE
    dc.s                                     0x00000000   Number         0  dc.o ABSOLUTE
    handlers.s                               0x00000000   Number         0  handlers.o ABSOLUTE
    init.s                                   0x00000000   Number         0  init.o ABSOLUTE
    RESET                                    0x08000000   Section      392  startup_stm32f4xx.o(RESET)
    .ARM.Collect$$$$00000000                 0x08000188   Section        0  entry.o(.ARM.Collect$$$$00000000)
    .ARM.Collect$$$$00000001                 0x08000188   Section        4  entry2.o(.ARM.Collect$$$$00000001)
    .ARM.Collect$$$$00000004                 0x0800018c   Section        4  entry5.o(.ARM.Collect$$$$00000004)
    .ARM.Collect$$$$00000008                 0x08000190   Section        0  entry7b.o(.ARM.Collect$$$$00000008)
    .ARM.Collect$$$$0000000A                 0x08000190   Section        0  entry8b.o(.ARM.Collect$$$$0000000A)
    .ARM.Collect$$$$0000000B                 0x08000190   Section        8  entry9a.o(.ARM.Collect$$$$0000000B)
    .ARM.Collect$$$$0000000D                 0x08000198   Section        0  entry10a.o(.ARM.Collect$$$$0000000D)
    .ARM.Collect$$$$0000000F                 0x08000198   Section        0  entry11a.o(.ARM.Collect$$$$0000000F)
    .ARM.Collect$$$$00002712                 0x08000198   Section        4  entry2.o(.ARM.Collect$$$$00002712)
    __lit__00000000                          0x08000198   Data           4  entry2.o(.ARM.Collect$$$$00002712)
    .text                                    0x0800019c   Section       36  startup_stm32f4xx.o(.text)
    $v0                                      0x0800019c   Number         0  startup_stm32f4xx.o(.text)
    .text                                    0x080001c0   Section       36  init.o(.text)
    i.AudioFlashPlay                         0x080001e4   Section        0  waveplayer.o(i.AudioFlashPlay)
    i.Audio_MAL_IRQHandler                   0x080001f0   Section        0  stm32f4_discovery_audio_codec.o(i.Audio_MAL_IRQHandler)
    Audio_MAL_IRQHandler                     0x080001f1   Thumb Code   148  stm32f4_discovery_audio_codec.o(i.Audio_MAL_IRQHandler)
    i.Audio_MAL_Init                         0x0800028c   Section        0  stm32f4_discovery_audio_codec.o(i.Audio_MAL_Init)
    i.Audio_MAL_Play                         0x08000320   Section        0  stm32f4_discovery_audio_codec.o(i.Audio_MAL_Play)
    i.BusFault_Handler                       0x08000360   Section        0  stm32f4xx_it.o(i.BusFault_Handler)
    i.Codec_AudioInterface_Init              0x08000364   Section        0  codec.o(i.Codec_AudioInterface_Init)
    i.Codec_CtrlInterface_Init               0x08000404   Section        0  codec.o(i.Codec_CtrlInterface_Init)
    i.Codec_GPIO_Init                        0x080004a8   Section        0  codec.o(i.Codec_GPIO_Init)
    i.Codec_Init                             0x080005a4   Section        0  codec.o(i.Codec_Init)
    i.Codec_Reset                            0x080005c0   Section        0  codec.o(i.Codec_Reset)
    i.Codec_WriteRegister                    0x080005e8   Section        0  codec.o(i.Codec_WriteRegister)
    i.DAC_SetChannel1Data                    0x080006dc   Section        0  stm32f4xx_dac.o(i.DAC_SetChannel1Data)
    i.DMA1_Stream0_IRQHandler                0x080006f0   Section        0  stm32f4_discovery_audio_codec.o(i.DMA1_Stream0_IRQHandler)
    i.DMA1_Stream4_IRQHandler                0x080006f4   Section        0  stm32f4_discovery_audio_codec.o(i.DMA1_Stream4_IRQHandler)
    i.DMA_ClearFlag                          0x080006f8   Section        0  stm32f4xx_dma.o(i.DMA_ClearFlag)
    i.DMA_Cmd                                0x08000724   Section        0  stm32f4xx_dma.o(i.DMA_Cmd)
    i.DMA_DeInit                             0x08000738   Section        0  stm32f4xx_dma.o(i.DMA_DeInit)
    i.DMA_GetCmdStatus                       0x0800085c   Section        0  stm32f4xx_dma.o(i.DMA_GetCmdStatus)
    i.DMA_GetFlagStatus                      0x0800086c   Section        0  stm32f4xx_dma.o(i.DMA_GetFlagStatus)
    i.DMA_ITConfig                           0x080008a0   Section        0  stm32f4xx_dma.o(i.DMA_ITConfig)
    i.DMA_Init                               0x080008cc   Section        0  stm32f4xx_dma.o(i.DMA_Init)
    i.DebugMon_Handler                       0x08000920   Section        0  stm32f4xx_it.o(i.DebugMon_Handler)
    i.EVAL_AUDIO_DeInit                      0x08000924   Section        0  stm32f4_discovery_audio_codec.o(i.EVAL_AUDIO_DeInit)
    i.EVAL_AUDIO_GetSampleCallBack           0x08000960   Section        0  waveplayer.o(i.EVAL_AUDIO_GetSampleCallBack)
    i.EVAL_AUDIO_Init                        0x08000964   Section        0  stm32f4_discovery_audio_codec.o(i.EVAL_AUDIO_Init)
    i.EVAL_AUDIO_Play                        0x08000984   Section        0  stm32f4_discovery_audio_codec.o(i.EVAL_AUDIO_Play)
    i.EVAL_AUDIO_SetAudioInterface           0x080009d0   Section        0  stm32f4_discovery_audio_codec.o(i.EVAL_AUDIO_SetAudioInterface)
    i.EVAL_AUDIO_TransferComplete_CallBack   0x08000a58   Section        0  waveplayer.o(i.EVAL_AUDIO_TransferComplete_CallBack)
    i.EXTI0_IRQHandler                       0x08000a78   Section        0  stm32f4xx_it.o(i.EXTI0_IRQHandler)
    i.EXTI1_IRQHandler                       0x08000a8c   Section        0  stm32f4xx_it.o(i.EXTI1_IRQHandler)
    i.EXTI_ClearITPendingBit                 0x08000ac0   Section        0  stm32f4xx_exti.o(i.EXTI_ClearITPendingBit)
    i.EXTI_GetITStatus                       0x08000acc   Section        0  stm32f4xx_exti.o(i.EXTI_GetITStatus)
    i.GPIO_Init                              0x08000aec   Section        0  stm32f4xx_gpio.o(i.GPIO_Init)
    i.GPIO_PinAFConfig                       0x08000b8e   Section        0  stm32f4xx_gpio.o(i.GPIO_PinAFConfig)
    i.HardFault_Handler                      0x08000bae   Section        0  stm32f4xx_it.o(i.HardFault_Handler)
    i.I2C_CheckEvent                         0x08000bb0   Section        0  stm32f4xx_i2c.o(i.I2C_CheckEvent)
    i.I2C_Cmd                                0x08000bc8   Section        0  stm32f4xx_i2c.o(i.I2C_Cmd)
    i.I2C_DeInit                             0x08000bdc   Section        0  stm32f4xx_i2c.o(i.I2C_DeInit)
    i.I2C_GenerateSTART                      0x08000c20   Section        0  stm32f4xx_i2c.o(i.I2C_GenerateSTART)
    i.I2C_GenerateSTOP                       0x08000c34   Section        0  stm32f4xx_i2c.o(i.I2C_GenerateSTOP)
    i.I2C_GetFlagStatus                      0x08000c48   Section        0  stm32f4xx_i2c.o(i.I2C_GetFlagStatus)
    i.I2C_Init                               0x08000c74   Section        0  stm32f4xx_i2c.o(i.I2C_Init)
    i.I2C_Send7bitAddress                    0x08000d2c   Section        0  stm32f4xx_i2c.o(i.I2C_Send7bitAddress)
    i.I2C_SendData                           0x08000d3c   Section        0  stm32f4xx_i2c.o(i.I2C_SendData)
    i.I2S_Cmd                                0x08000d40   Section        0  stm32f4xx_spi.o(i.I2S_Cmd)
    i.I2S_FullDuplexConfig                   0x08000d54   Section        0  stm32f4xx_spi.o(i.I2S_FullDuplexConfig)
    i.I2S_Init                               0x08000d90   Section        0  stm32f4xx_spi.o(i.I2S_Init)
    i.MemManage_Handler                      0x08000e58   Section        0  stm32f4xx_it.o(i.MemManage_Handler)
    i.NMI_Handler                            0x08000e5a   Section        0  stm32f4xx_it.o(i.NMI_Handler)
    i.NVIC_Init                              0x08000e5c   Section        0  misc.o(i.NVIC_Init)
    i.NVIC_PriorityGroupConfig               0x08000ec0   Section        0  misc.o(i.NVIC_PriorityGroupConfig)
    i.NVIC_SetVectorTable                    0x08000ed4   Section        0  misc.o(i.NVIC_SetVectorTable)
    i.PendSV_Handler                         0x08000ee8   Section        0  stm32f4xx_it.o(i.PendSV_Handler)
    i.RCC_AHB1PeriphClockCmd                 0x08000eec   Section        0  stm32f4xx_rcc.o(i.RCC_AHB1PeriphClockCmd)
    i.RCC_APB1PeriphClockCmd                 0x08000f04   Section        0  stm32f4xx_rcc.o(i.RCC_APB1PeriphClockCmd)
    i.RCC_APB1PeriphResetCmd                 0x08000f1c   Section        0  stm32f4xx_rcc.o(i.RCC_APB1PeriphResetCmd)
    i.RCC_APB2PeriphResetCmd                 0x08000f34   Section        0  stm32f4xx_rcc.o(i.RCC_APB2PeriphResetCmd)
    i.RCC_GetClocksFreq                      0x08000f4c   Section        0  stm32f4xx_rcc.o(i.RCC_GetClocksFreq)
    i.SPI2_IRQHandler                        0x08000fdc   Section        0  stm32f4_discovery_audio_codec.o(i.SPI2_IRQHandler)
    i.SPI_I2S_DMACmd                         0x08001020   Section        0  stm32f4xx_spi.o(i.SPI_I2S_DMACmd)
    i.SPI_I2S_DeInit                         0x08001030   Section        0  stm32f4xx_spi.o(i.SPI_I2S_DeInit)
    i.SPI_I2S_GetFlagStatus                  0x08001084   Section        0  stm32f4xx_spi.o(i.SPI_I2S_GetFlagStatus)
    i.SPI_I2S_SendData                       0x08001092   Section        0  stm32f4xx_spi.o(i.SPI_I2S_SendData)
    i.STM_EVAL_LEDInit                       0x08001098   Section        0  stm32f4_discovery.o(i.STM_EVAL_LEDInit)
    i.STM_EVAL_LEDOff                        0x080010e0   Section        0  stm32f4_discovery.o(i.STM_EVAL_LEDOff)
    i.STM_EVAL_LEDOn                         0x080010f8   Section        0  stm32f4_discovery.o(i.STM_EVAL_LEDOn)
    i.SVC_Handler                            0x08001110   Section        0  stm32f4xx_it.o(i.SVC_Handler)
    i.SetSysClock                            0x08001114   Section        0  system_stm32f4xx.o(i.SetSysClock)
    SetSysClock                              0x08001115   Thumb Code   190  system_stm32f4xx.o(i.SetSysClock)
    i.SysTick_Handler                        0x080011ec   Section        0  stm32f4xx_it.o(i.SysTick_Handler)
    i.SystemInit                             0x080011f0   Section        0  system_stm32f4xx.o(i.SystemInit)
    i.TIM4_IRQHandler                        0x0800124c   Section        0  stm32f4xx_it.o(i.TIM4_IRQHandler)
    i.TIM_ARRPreloadConfig                   0x080012c0   Section        0  stm32f4xx_tim.o(i.TIM_ARRPreloadConfig)
    i.TIM_ClearITPendingBit                  0x080012d4   Section        0  stm32f4xx_tim.o(i.TIM_ClearITPendingBit)
    i.TIM_Cmd                                0x080012da   Section        0  stm32f4xx_tim.o(i.TIM_Cmd)
    i.TIM_GetCapture1                        0x080012ee   Section        0  stm32f4xx_tim.o(i.TIM_GetCapture1)
    i.TIM_GetITStatus                        0x080012f2   Section        0  stm32f4xx_tim.o(i.TIM_GetITStatus)
    i.TIM_ITConfig                           0x0800130a   Section        0  stm32f4xx_tim.o(i.TIM_ITConfig)
    i.TIM_LED_Config                         0x0800131c   Section        0  main.o(i.TIM_LED_Config)
    TIM_LED_Config                           0x0800131d   Thumb Code   152  main.o(i.TIM_LED_Config)
    i.TIM_OC1Init                            0x080013c4   Section        0  stm32f4xx_tim.o(i.TIM_OC1Init)
    i.TIM_OC1PreloadConfig                   0x08001424   Section        0  stm32f4xx_tim.o(i.TIM_OC1PreloadConfig)
    i.TIM_SetCompare1                        0x08001430   Section        0  stm32f4xx_tim.o(i.TIM_SetCompare1)
    i.TIM_TimeBaseInit                       0x08001434   Section        0  stm32f4xx_tim.o(i.TIM_TimeBaseInit)
    i.TM_GPIO_GetPortSource                  0x080014b0   Section        0  tm_stm32f4_gpio.o(i.TM_GPIO_GetPortSource)
    i.TM_GPIO_INT_EnableClock                0x080014c0   Section        0  tm_stm32f4_gpio.o(i.TM_GPIO_INT_EnableClock)
    i.TM_GPIO_INT_Init                       0x080014d8   Section        0  tm_stm32f4_gpio.o(i.TM_GPIO_INT_Init)
    i.TM_GPIO_InitAlternate                  0x08001578   Section        0  tm_stm32f4_gpio.o(i.TM_GPIO_InitAlternate)
    i.TM_UART5_InitPins                      0x080015d8   Section        0  tm_stm32f4_usart.o(i.TM_UART5_InitPins)
    i.TM_USART1_InitPins                     0x0800161c   Section        0  tm_stm32f4_usart.o(i.TM_USART1_InitPins)
    i.TM_USART2_InitPins                     0x08001664   Section        0  tm_stm32f4_usart.o(i.TM_USART2_InitPins)
    i.TM_USART_INT_GetSubPriority            0x080016a8   Section        0  tm_stm32f4_usart.o(i.TM_USART_INT_GetSubPriority)
    i.TM_USART_INT_GetUsart                  0x080016d8   Section        0  tm_stm32f4_usart.o(i.TM_USART_INT_GetUsart)
    i.TM_USART_INT_Init                      0x08001710   Section        0  tm_stm32f4_usart.o(i.TM_USART_INT_Init)
    TM_USART_INT_Init                        0x08001711   Thumb Code   218  tm_stm32f4_usart.o(i.TM_USART_INT_Init)
    i.TM_USART_INT_InsertToBuffer            0x080017fc   Section        0  tm_stm32f4_usart.o(i.TM_USART_INT_InsertToBuffer)
    i.TM_USART_Init                          0x08001824   Section        0  tm_stm32f4_usart.o(i.TM_USART_Init)
    i.TM_USART_InitCustomPinsCallback        0x08001878   Section        0  tm_stm32f4_usart.o(i.TM_USART_InitCustomPinsCallback)
    i.TimingDelay_Decrement                  0x0800187c   Section        0  waveplayer.o(i.TimingDelay_Decrement)
    i.UART5_IRQHandler                       0x08001890   Section        0  tm_stm32f4_usart.o(i.UART5_IRQHandler)
    i.USART1_IRQHandler                      0x080018ac   Section        0  tm_stm32f4_usart.o(i.USART1_IRQHandler)
    i.USART2_IRQHandler                      0x080018c8   Section        0  tm_stm32f4_usart.o(i.USART2_IRQHandler)
    i.USART_DeInit                           0x080018e8   Section        0  stm32f4xx_usart.o(i.USART_DeInit)
    i.USART_Init                             0x08001974   Section        0  stm32f4xx_usart.o(i.USART_Init)
    i.UsageFault_Handler                     0x08001a20   Section        0  stm32f4xx_it.o(i.UsageFault_Handler)
    i.WavePlayBack                           0x08001a24   Section        0  waveplayer.o(i.WavePlayBack)
    i.WavePlayerInit                         0x08001a58   Section        0  waveplayer.o(i.WavePlayerInit)
    i.__0printf$bare                         0x08001a78   Section        0  printfb.o(i.__0printf$bare)
    i.__scatterload_copy                     0x08001a88   Section       14  handlers.o(i.__scatterload_copy)
    i.__scatterload_null                     0x08001a96   Section        2  handlers.o(i.__scatterload_null)
    i.__scatterload_zeroinit                 0x08001a98   Section       14  handlers.o(i.__scatterload_zeroinit)
    i._printf_core                           0x08001aa6   Section        0  printfb.o(i._printf_core)
    _printf_core                             0x08001aa7   Thumb Code    34  printfb.o(i._printf_core)
    i.fputc                                  0x08001ac8   Section        0  main.o(i.fputc)
    i.main                                   0x08001af0   Section        0  main.o(i.main)
    .constdata                               0x08001b98   Section    1003382  audio_sample.o(.constdata)
    .constdata                               0x080f6b0e   Section       20  codec.o(.constdata)
    .constdata                               0x080f6b24   Section       32  stm32f4_discovery.o(.constdata)
    .data                                    0x20000000   Section        1  main.o(.data)
    .data                                    0x20000004   Section       16  main.o(.data)
    .data                                    0x20000014   Section        4  main.o(.data)
    .data                                    0x20000018   Section        8  stm32f4xx_it.o(.data)
    .data                                    0x20000020   Section       20  system_stm32f4xx.o(.data)
    .data                                    0x20000034   Section        8  waveplayer.o(.data)
    TimingDelay                              0x20000038   Data           4  waveplayer.o(.data)
    .data                                    0x2000003c   Section        4  codec.o(.data)
    .data                                    0x20000040   Section       56  stm32f4_discovery_audio_codec.o(.data)
    .data                                    0x20000078   Section       16  stm32f4_discovery.o(.data)
    .data                                    0x20000088   Section       16  stm32f4xx_rcc.o(.data)
    APBAHBPrescTable                         0x20000088   Data          16  stm32f4xx_rcc.o(.data)
    .data                                    0x20000098   Section       48  tm_stm32f4_usart.o(.data)
    .bss                                     0x200000c8   Section       52  main.o(.bss)
    .bss                                     0x200000fc   Section       22  tm_stm32f4_gpio.o(.bss)
    GPIO_UsedPins                            0x200000fc   Data          22  tm_stm32f4_gpio.o(.bss)
    .bss                                     0x20000114   Section       60  stm32f4_discovery_audio_codec.o(.bss)
    .bss                                     0x20000150   Section       32  tm_stm32f4_usart.o(.bss)
    .bss                                     0x20000170   Section       32  tm_stm32f4_usart.o(.bss)
    .bss                                     0x20000190   Section       32  tm_stm32f4_usart.o(.bss)
    STACK                                    0x200001b0   Section     1024  startup_stm32f4xx.o(STACK)

    Global Symbols

    Symbol Name                              Value     Ov Type        Size  Object(Section)

    BuildAttributes$$THM_ISAv4$E$P$D$K$B$S$7EM$VFPi3$EXTD16$VFPS$VFMA$PE$A:L22UL41UL21$X:L11$S22US41US21$IEEE1$IW$USESV6$~STKCKD$USESV7$~SHL$OSPACE$ROPI$EBA8$MICROLIB$REQ8$PRES8$EABIv2 0x00000000   Number         0  anon$$obj.o ABSOLUTE
    __ARM_use_no_argv                        0x00000000   Number         0  main.o ABSOLUTE
    TM_I2C_InitCustomPinsCallback             - Undefined Weak Reference
    TM_SPI_InitCustomPinsCallback             - Undefined Weak Reference
    __cpp_initialize__aeabi_                  - Undefined Weak Reference
    __cxa_finalize                            - Undefined Weak Reference
    __decompress                              - Undefined Weak Reference
    _clock_init                               - Undefined Weak Reference
    _microlib_exit                            - Undefined Weak Reference
    __Vectors_Size                           0x00000188   Number         0  startup_stm32f4xx.o ABSOLUTE
    __Vectors                                0x08000000   Data           4  startup_stm32f4xx.o(RESET)
    __Vectors_End                            0x08000188   Data           0  startup_stm32f4xx.o(RESET)
    __main                                   0x08000189   Thumb Code     0  entry.o(.ARM.Collect$$$$00000000)
    _main_stk                                0x08000189   Thumb Code     0  entry2.o(.ARM.Collect$$$$00000001)
    _main_scatterload                        0x0800018d   Thumb Code     0  entry5.o(.ARM.Collect$$$$00000004)
    __main_after_scatterload                 0x08000191   Thumb Code     0  entry5.o(.ARM.Collect$$$$00000004)
    _main_clock                              0x08000191   Thumb Code     0  entry7b.o(.ARM.Collect$$$$00000008)
    _main_cpp_init                           0x08000191   Thumb Code     0  entry8b.o(.ARM.Collect$$$$0000000A)
    _main_init                               0x08000191   Thumb Code     0  entry9a.o(.ARM.Collect$$$$0000000B)
    __rt_final_cpp                           0x08000199   Thumb Code     0  entry10a.o(.ARM.Collect$$$$0000000D)
    __rt_final_exit                          0x08000199   Thumb Code     0  entry11a.o(.ARM.Collect$$$$0000000F)
    Reset_Handler                            0x0800019d   Thumb Code     8  startup_stm32f4xx.o(.text)
    ADC_IRQHandler                           0x080001b7   Thumb Code     0  startup_stm32f4xx.o(.text)
    CAN1_RX0_IRQHandler                      0x080001b7   Thumb Code     0  startup_stm32f4xx.o(.text)
    CAN1_RX1_IRQHandler                      0x080001b7   Thumb Code     0  startup_stm32f4xx.o(.text)
    CAN1_SCE_IRQHandler                      0x080001b7   Thumb Code     0  startup_stm32f4xx.o(.text)
    CAN1_TX_IRQHandler                       0x080001b7   Thumb Code     0  startup_stm32f4xx.o(.text)
    CAN2_RX0_IRQHandler                      0x080001b7   Thumb Code     0  startup_stm32f4xx.o(.text)
    CAN2_RX1_IRQHandler                      0x080001b7   Thumb Code     0  startup_stm32f4xx.o(.text)
    CAN2_SCE_IRQHandler                      0x080001b7   Thumb Code     0  startup_stm32f4xx.o(.text)
    CAN2_TX_IRQHandler                       0x080001b7   Thumb Code     0  startup_stm32f4xx.o(.text)
    CRYP_IRQHandler                          0x080001b7   Thumb Code     0  startup_stm32f4xx.o(.text)
    DCMI_IRQHandler                          0x080001b7   Thumb Code     0  startup_stm32f4xx.o(.text)
    DMA1_Stream1_IRQHandler                  0x080001b7   Thumb Code     0  startup_stm32f4xx.o(.text)
    DMA1_Stream2_IRQHandler                  0x080001b7   Thumb Code     0  startup_stm32f4xx.o(.text)
    DMA1_Stream3_IRQHandler                  0x080001b7   Thumb Code     0  startup_stm32f4xx.o(.text)
    DMA1_Stream5_IRQHandler                  0x080001b7   Thumb Code     0  startup_stm32f4xx.o(.text)
    DMA1_Stream6_IRQHandler                  0x080001b7   Thumb Code     0  startup_stm32f4xx.o(.text)
    DMA1_Stream7_IRQHandler                  0x080001b7   Thumb Code     0  startup_stm32f4xx.o(.text)
    DMA2_Stream0_IRQHandler                  0x080001b7   Thumb Code     0  startup_stm32f4xx.o(.text)
    DMA2_Stream1_IRQHandler                  0x080001b7   Thumb Code     0  startup_stm32f4xx.o(.text)
    DMA2_Stream2_IRQHandler                  0x080001b7   Thumb Code     0  startup_stm32f4xx.o(.text)
    DMA2_Stream3_IRQHandler                  0x080001b7   Thumb Code     0  startup_stm32f4xx.o(.text)
    DMA2_Stream4_IRQHandler                  0x080001b7   Thumb Code     0  startup_stm32f4xx.o(.text)
    DMA2_Stream5_IRQHandler                  0x080001b7   Thumb Code     0  startup_stm32f4xx.o(.text)
    DMA2_Stream6_IRQHandler                  0x080001b7   Thumb Code     0  startup_stm32f4xx.o(.text)
    DMA2_Stream7_IRQHandler                  0x080001b7   Thumb Code     0  startup_stm32f4xx.o(.text)
    ETH_IRQHandler                           0x080001b7   Thumb Code     0  startup_stm32f4xx.o(.text)
    ETH_WKUP_IRQHandler                      0x080001b7   Thumb Code     0  startup_stm32f4xx.o(.text)
    EXTI15_10_IRQHandler                     0x080001b7   Thumb Code     0  startup_stm32f4xx.o(.text)
    EXTI2_IRQHandler                         0x080001b7   Thumb Code     0  startup_stm32f4xx.o(.text)
    EXTI3_IRQHandler                         0x080001b7   Thumb Code     0  startup_stm32f4xx.o(.text)
    EXTI4_IRQHandler                         0x080001b7   Thumb Code     0  startup_stm32f4xx.o(.text)
    EXTI9_5_IRQHandler                       0x080001b7   Thumb Code     0  startup_stm32f4xx.o(.text)
    FLASH_IRQHandler                         0x080001b7   Thumb Code     0  startup_stm32f4xx.o(.text)
    FPU_IRQHandler                           0x080001b7   Thumb Code     0  startup_stm32f4xx.o(.text)
    FSMC_IRQHandler                          0x080001b7   Thumb Code     0  startup_stm32f4xx.o(.text)
    HASH_RNG_IRQHandler                      0x080001b7   Thumb Code     0  startup_stm32f4xx.o(.text)
    I2C1_ER_IRQHandler                       0x080001b7   Thumb Code     0  startup_stm32f4xx.o(.text)
    I2C1_EV_IRQHandler                       0x080001b7   Thumb Code     0  startup_stm32f4xx.o(.text)
    I2C2_ER_IRQHandler                       0x080001b7   Thumb Code     0  startup_stm32f4xx.o(.text)
    I2C2_EV_IRQHandler                       0x080001b7   Thumb Code     0  startup_stm32f4xx.o(.text)
    I2C3_ER_IRQHandler                       0x080001b7   Thumb Code     0  startup_stm32f4xx.o(.text)
    I2C3_EV_IRQHandler                       0x080001b7   Thumb Code     0  startup_stm32f4xx.o(.text)
    OTG_FS_IRQHandler                        0x080001b7   Thumb Code     0  startup_stm32f4xx.o(.text)
    OTG_FS_WKUP_IRQHandler                   0x080001b7   Thumb Code     0  startup_stm32f4xx.o(.text)
    OTG_HS_EP1_IN_IRQHandler                 0x080001b7   Thumb Code     0  startup_stm32f4xx.o(.text)
    OTG_HS_EP1_OUT_IRQHandler                0x080001b7   Thumb Code     0  startup_stm32f4xx.o(.text)
    OTG_HS_IRQHandler                        0x080001b7   Thumb Code     0  startup_stm32f4xx.o(.text)
    OTG_HS_WKUP_IRQHandler                   0x080001b7   Thumb Code     0  startup_stm32f4xx.o(.text)
    PVD_IRQHandler                           0x080001b7   Thumb Code     0  startup_stm32f4xx.o(.text)
    RCC_IRQHandler                           0x080001b7   Thumb Code     0  startup_stm32f4xx.o(.text)
    RTC_Alarm_IRQHandler                     0x080001b7   Thumb Code     0  startup_stm32f4xx.o(.text)
    RTC_WKUP_IRQHandler                      0x080001b7   Thumb Code     0  startup_stm32f4xx.o(.text)
    SDIO_IRQHandler                          0x080001b7   Thumb Code     0  startup_stm32f4xx.o(.text)
    SPI1_IRQHandler                          0x080001b7   Thumb Code     0  startup_stm32f4xx.o(.text)
    SPI3_IRQHandler                          0x080001b7   Thumb Code     0  startup_stm32f4xx.o(.text)
    TAMP_STAMP_IRQHandler                    0x080001b7   Thumb Code     0  startup_stm32f4xx.o(.text)
    TIM1_BRK_TIM9_IRQHandler                 0x080001b7   Thumb Code     0  startup_stm32f4xx.o(.text)
    TIM1_CC_IRQHandler                       0x080001b7   Thumb Code     0  startup_stm32f4xx.o(.text)
    TIM1_TRG_COM_TIM11_IRQHandler            0x080001b7   Thumb Code     0  startup_stm32f4xx.o(.text)
    TIM1_UP_TIM10_IRQHandler                 0x080001b7   Thumb Code     0  startup_stm32f4xx.o(.text)
    TIM2_IRQHandler                          0x080001b7   Thumb Code     0  startup_stm32f4xx.o(.text)
    TIM3_IRQHandler                          0x080001b7   Thumb Code     0  startup_stm32f4xx.o(.text)
    TIM5_IRQHandler                          0x080001b7   Thumb Code     0  startup_stm32f4xx.o(.text)
    TIM6_DAC_IRQHandler                      0x080001b7   Thumb Code     0  startup_stm32f4xx.o(.text)
    TIM7_IRQHandler                          0x080001b7   Thumb Code     0  startup_stm32f4xx.o(.text)
    TIM8_BRK_TIM12_IRQHandler                0x080001b7   Thumb Code     0  startup_stm32f4xx.o(.text)
    TIM8_CC_IRQHandler                       0x080001b7   Thumb Code     0  startup_stm32f4xx.o(.text)
    TIM8_TRG_COM_TIM14_IRQHandler            0x080001b7   Thumb Code     0  startup_stm32f4xx.o(.text)
    TIM8_UP_TIM13_IRQHandler                 0x080001b7   Thumb Code     0  startup_stm32f4xx.o(.text)
    UART4_IRQHandler                         0x080001b7   Thumb Code     0  startup_stm32f4xx.o(.text)
    USART3_IRQHandler                        0x080001b7   Thumb Code     0  startup_stm32f4xx.o(.text)
    USART6_IRQHandler                        0x080001b7   Thumb Code     0  startup_stm32f4xx.o(.text)
    WWDG_IRQHandler                          0x080001b7   Thumb Code     0  startup_stm32f4xx.o(.text)
    __scatterload                            0x080001c1   Thumb Code    28  init.o(.text)
    __scatterload_rt2                        0x080001c1   Thumb Code     0  init.o(.text)
    AudioFlashPlay                           0x080001e5   Thumb Code    12  waveplayer.o(i.AudioFlashPlay)
    Audio_MAL_Init                           0x0800028d   Thumb Code   136  stm32f4_discovery_audio_codec.o(i.Audio_MAL_Init)
    Audio_MAL_Play                           0x08000321   Thumb Code    50  stm32f4_discovery_audio_codec.o(i.Audio_MAL_Play)
    BusFault_Handler                         0x08000361   Thumb Code     2  stm32f4xx_it.o(i.BusFault_Handler)
    Codec_AudioInterface_Init                0x08000365   Thumb Code   106  codec.o(i.Codec_AudioInterface_Init)
    Codec_CtrlInterface_Init                 0x08000405   Thumb Code   110  codec.o(i.Codec_CtrlInterface_Init)
    Codec_GPIO_Init                          0x080004a9   Thumb Code   208  codec.o(i.Codec_GPIO_Init)
    Codec_Init                               0x080005a5   Thumb Code    28  codec.o(i.Codec_Init)
    Codec_Reset                              0x080005c1   Thumb Code    36  codec.o(i.Codec_Reset)
    Codec_WriteRegister                      0x080005e9   Thumb Code   224  codec.o(i.Codec_WriteRegister)
    DAC_SetChannel1Data                      0x080006dd   Thumb Code    14  stm32f4xx_dac.o(i.DAC_SetChannel1Data)
    DMA1_Stream0_IRQHandler                  0x080006f1   Thumb Code     4  stm32f4_discovery_audio_codec.o(i.DMA1_Stream0_IRQHandler)
    DMA1_Stream4_IRQHandler                  0x080006f5   Thumb Code     4  stm32f4_discovery_audio_codec.o(i.DMA1_Stream4_IRQHandler)
    DMA_ClearFlag                            0x080006f9   Thumb Code    32  stm32f4xx_dma.o(i.DMA_ClearFlag)
    DMA_Cmd                                  0x08000725   Thumb Code    20  stm32f4xx_dma.o(i.DMA_Cmd)
    DMA_DeInit                               0x08000739   Thumb Code   272  stm32f4xx_dma.o(i.DMA_DeInit)
    DMA_GetCmdStatus                         0x0800085d   Thumb Code    14  stm32f4xx_dma.o(i.DMA_GetCmdStatus)
    DMA_GetFlagStatus                        0x0800086d   Thumb Code    40  stm32f4xx_dma.o(i.DMA_GetFlagStatus)
    DMA_ITConfig                             0x080008a1   Thumb Code    44  stm32f4xx_dma.o(i.DMA_ITConfig)
    DMA_Init                                 0x080008cd   Thumb Code    80  stm32f4xx_dma.o(i.DMA_Init)
    DebugMon_Handler                         0x08000921   Thumb Code     2  stm32f4xx_it.o(i.DebugMon_Handler)
    EVAL_AUDIO_DeInit                        0x08000925   Thumb Code    50  stm32f4_discovery_audio_codec.o(i.EVAL_AUDIO_DeInit)
    EVAL_AUDIO_GetSampleCallBack             0x08000961   Thumb Code     4  waveplayer.o(i.EVAL_AUDIO_GetSampleCallBack)
    EVAL_AUDIO_Init                          0x08000965   Thumb Code    32  stm32f4_discovery_audio_codec.o(i.EVAL_AUDIO_Init)
    EVAL_AUDIO_Play                          0x08000985   Thumb Code    72  stm32f4_discovery_audio_codec.o(i.EVAL_AUDIO_Play)
    EVAL_AUDIO_SetAudioInterface             0x080009d1   Thumb Code   108  stm32f4_discovery_audio_codec.o(i.EVAL_AUDIO_SetAudioInterface)
    EVAL_AUDIO_TransferComplete_CallBack     0x08000a59   Thumb Code    22  waveplayer.o(i.EVAL_AUDIO_TransferComplete_CallBack)
    EXTI0_IRQHandler                         0x08000a79   Thumb Code    18  stm32f4xx_it.o(i.EXTI0_IRQHandler)
    EXTI1_IRQHandler                         0x08000a8d   Thumb Code    46  stm32f4xx_it.o(i.EXTI1_IRQHandler)
    EXTI_ClearITPendingBit                   0x08000ac1   Thumb Code     6  stm32f4xx_exti.o(i.EXTI_ClearITPendingBit)
    EXTI_GetITStatus                         0x08000acd   Thumb Code    28  stm32f4xx_exti.o(i.EXTI_GetITStatus)
    GPIO_Init                                0x08000aed   Thumb Code   162  stm32f4xx_gpio.o(i.GPIO_Init)
    GPIO_PinAFConfig                         0x08000b8f   Thumb Code    32  stm32f4xx_gpio.o(i.GPIO_PinAFConfig)
    HardFault_Handler                        0x08000baf   Thumb Code     2  stm32f4xx_it.o(i.HardFault_Handler)
    I2C_CheckEvent                           0x08000bb1   Thumb Code    24  stm32f4xx_i2c.o(i.I2C_CheckEvent)
    I2C_Cmd                                  0x08000bc9   Thumb Code    20  stm32f4xx_i2c.o(i.I2C_Cmd)
    I2C_DeInit                               0x08000bdd   Thumb Code    56  stm32f4xx_i2c.o(i.I2C_DeInit)
    I2C_GenerateSTART                        0x08000c21   Thumb Code    20  stm32f4xx_i2c.o(i.I2C_GenerateSTART)
    I2C_GenerateSTOP                         0x08000c35   Thumb Code    20  stm32f4xx_i2c.o(i.I2C_GenerateSTOP)
    I2C_GetFlagStatus                        0x08000c49   Thumb Code    42  stm32f4xx_i2c.o(i.I2C_GetFlagStatus)
    I2C_Init                                 0x08000c75   Thumb Code   174  stm32f4xx_i2c.o(i.I2C_Init)
    I2C_Send7bitAddress                      0x08000d2d   Thumb Code    16  stm32f4xx_i2c.o(i.I2C_Send7bitAddress)
    I2C_SendData                             0x08000d3d   Thumb Code     4  stm32f4xx_i2c.o(i.I2C_SendData)
    I2S_Cmd                                  0x08000d41   Thumb Code    20  stm32f4xx_spi.o(i.I2S_Cmd)
    I2S_FullDuplexConfig                     0x08000d55   Thumb Code    58  stm32f4xx_spi.o(i.I2S_FullDuplexConfig)
    I2S_Init                                 0x08000d91   Thumb Code   190  stm32f4xx_spi.o(i.I2S_Init)
    MemManage_Handler                        0x08000e59   Thumb Code     2  stm32f4xx_it.o(i.MemManage_Handler)
    NMI_Handler                              0x08000e5b   Thumb Code     2  stm32f4xx_it.o(i.NMI_Handler)
    NVIC_Init                                0x08000e5d   Thumb Code    96  misc.o(i.NVIC_Init)
    NVIC_PriorityGroupConfig                 0x08000ec1   Thumb Code    10  misc.o(i.NVIC_PriorityGroupConfig)
    NVIC_SetVectorTable                      0x08000ed5   Thumb Code    12  misc.o(i.NVIC_SetVectorTable)
    PendSV_Handler                           0x08000ee9   Thumb Code     2  stm32f4xx_it.o(i.PendSV_Handler)
    RCC_AHB1PeriphClockCmd                   0x08000eed   Thumb Code    18  stm32f4xx_rcc.o(i.RCC_AHB1PeriphClockCmd)
    RCC_APB1PeriphClockCmd                   0x08000f05   Thumb Code    18  stm32f4xx_rcc.o(i.RCC_APB1PeriphClockCmd)
    RCC_APB1PeriphResetCmd                   0x08000f1d   Thumb Code    18  stm32f4xx_rcc.o(i.RCC_APB1PeriphResetCmd)
    RCC_APB2PeriphResetCmd                   0x08000f35   Thumb Code    18  stm32f4xx_rcc.o(i.RCC_APB2PeriphResetCmd)
    RCC_GetClocksFreq                        0x08000f4d   Thumb Code   132  stm32f4xx_rcc.o(i.RCC_GetClocksFreq)
    SPI2_IRQHandler                          0x08000fdd   Thumb Code    60  stm32f4_discovery_audio_codec.o(i.SPI2_IRQHandler)
    SPI_I2S_DMACmd                           0x08001021   Thumb Code    16  stm32f4xx_spi.o(i.SPI_I2S_DMACmd)
    SPI_I2S_DeInit                           0x08001031   Thumb Code    72  stm32f4xx_spi.o(i.SPI_I2S_DeInit)
    SPI_I2S_GetFlagStatus                    0x08001085   Thumb Code    14  stm32f4xx_spi.o(i.SPI_I2S_GetFlagStatus)
    SPI_I2S_SendData                         0x08001093   Thumb Code     4  stm32f4xx_spi.o(i.SPI_I2S_SendData)
    STM_EVAL_LEDInit                         0x08001099   Thumb Code    62  stm32f4_discovery.o(i.STM_EVAL_LEDInit)
    STM_EVAL_LEDOff                          0x080010e1   Thumb Code    16  stm32f4_discovery.o(i.STM_EVAL_LEDOff)
    STM_EVAL_LEDOn                           0x080010f9   Thumb Code    16  stm32f4_discovery.o(i.STM_EVAL_LEDOn)
    SVC_Handler                              0x08001111   Thumb Code     2  stm32f4xx_it.o(i.SVC_Handler)
    SysTick_Handler                          0x080011ed   Thumb Code     4  stm32f4xx_it.o(i.SysTick_Handler)
    SystemInit                               0x080011f1   Thumb Code    74  system_stm32f4xx.o(i.SystemInit)
    TIM4_IRQHandler                          0x0800124d   Thumb Code    96  stm32f4xx_it.o(i.TIM4_IRQHandler)
    TIM_ARRPreloadConfig                     0x080012c1   Thumb Code    20  stm32f4xx_tim.o(i.TIM_ARRPreloadConfig)
    TIM_ClearITPendingBit                    0x080012d5   Thumb Code     6  stm32f4xx_tim.o(i.TIM_ClearITPendingBit)
    TIM_Cmd                                  0x080012db   Thumb Code    20  stm32f4xx_tim.o(i.TIM_Cmd)
    TIM_GetCapture1                          0x080012ef   Thumb Code     4  stm32f4xx_tim.o(i.TIM_GetCapture1)
    TIM_GetITStatus                          0x080012f3   Thumb Code    24  stm32f4xx_tim.o(i.TIM_GetITStatus)
    TIM_ITConfig                             0x0800130b   Thumb Code    16  stm32f4xx_tim.o(i.TIM_ITConfig)
    TIM_OC1Init                              0x080013c5   Thumb Code    88  stm32f4xx_tim.o(i.TIM_OC1Init)
    TIM_OC1PreloadConfig                     0x08001425   Thumb Code    12  stm32f4xx_tim.o(i.TIM_OC1PreloadConfig)
    TIM_SetCompare1                          0x08001431   Thumb Code     4  stm32f4xx_tim.o(i.TIM_SetCompare1)
    TIM_TimeBaseInit                         0x08001435   Thumb Code    96  stm32f4xx_tim.o(i.TIM_TimeBaseInit)
    TM_GPIO_GetPortSource                    0x080014b1   Thumb Code    10  tm_stm32f4_gpio.o(i.TM_GPIO_GetPortSource)
    TM_GPIO_INT_EnableClock                  0x080014c1   Thumb Code    20  tm_stm32f4_gpio.o(i.TM_GPIO_INT_EnableClock)
    TM_GPIO_INT_Init                         0x080014d9   Thumb Code   154  tm_stm32f4_gpio.o(i.TM_GPIO_INT_Init)
    TM_GPIO_InitAlternate                    0x08001579   Thumb Code    96  tm_stm32f4_gpio.o(i.TM_GPIO_InitAlternate)
    TM_UART5_InitPins                        0x080015d9   Thumb Code    56  tm_stm32f4_usart.o(i.TM_UART5_InitPins)
    TM_USART1_InitPins                       0x0800161d   Thumb Code    58  tm_stm32f4_usart.o(i.TM_USART1_InitPins)
    TM_USART2_InitPins                       0x08001665   Thumb Code    56  tm_stm32f4_usart.o(i.TM_USART2_InitPins)
    TM_USART_INT_GetSubPriority              0x080016a9   Thumb Code    34  tm_stm32f4_usart.o(i.TM_USART_INT_GetSubPriority)
    TM_USART_INT_GetUsart                    0x080016d9   Thumb Code    38  tm_stm32f4_usart.o(i.TM_USART_INT_GetUsart)
    TM_USART_INT_InsertToBuffer              0x080017fd   Thumb Code    38  tm_stm32f4_usart.o(i.TM_USART_INT_InsertToBuffer)
    TM_USART_Init                            0x08001825   Thumb Code    72  tm_stm32f4_usart.o(i.TM_USART_Init)
    TM_USART_InitCustomPinsCallback          0x08001879   Thumb Code     2  tm_stm32f4_usart.o(i.TM_USART_InitCustomPinsCallback)
    TimingDelay_Decrement                    0x0800187d   Thumb Code    16  waveplayer.o(i.TimingDelay_Decrement)
    UART5_IRQHandler                         0x08001891   Thumb Code    20  tm_stm32f4_usart.o(i.UART5_IRQHandler)
    USART1_IRQHandler                        0x080018ad   Thumb Code    20  tm_stm32f4_usart.o(i.USART1_IRQHandler)
    USART2_IRQHandler                        0x080018c9   Thumb Code    24  tm_stm32f4_usart.o(i.USART2_IRQHandler)
    USART_DeInit                             0x080018e9   Thumb Code   114  stm32f4xx_usart.o(i.USART_DeInit)
    USART_Init                               0x08001975   Thumb Code   164  stm32f4xx_usart.o(i.USART_Init)
    UsageFault_Handler                       0x08001a21   Thumb Code     2  stm32f4xx_it.o(i.UsageFault_Handler)
    WavePlayBack                             0x08001a25   Thumb Code    36  waveplayer.o(i.WavePlayBack)
    WavePlayerInit                           0x08001a59   Thumb Code    26  waveplayer.o(i.WavePlayerInit)
    __0printf$bare                           0x08001a79   Thumb Code     8  printfb.o(i.__0printf$bare)
    __1printf$bare                           0x08001a79   Thumb Code     0  printfb.o(i.__0printf$bare)
    __2printf                                0x08001a79   Thumb Code     0  printfb.o(i.__0printf$bare)
    __scatterload_copy                       0x08001a89   Thumb Code    14  handlers.o(i.__scatterload_copy)
    __scatterload_null                       0x08001a97   Thumb Code     2  handlers.o(i.__scatterload_null)
    __scatterload_zeroinit                   0x08001a99   Thumb Code    14  handlers.o(i.__scatterload_zeroinit)
    fputc                                    0x08001ac9   Thumb Code    34  main.o(i.fputc)
    main                                     0x08001af1   Thumb Code   160  main.o(i.main)
    AUDIO_SAMPLE                             0x08001b98   Data       1003382  audio_sample.o(.constdata)
    w8731_init_data                          0x080f6b0e   Data          20  codec.o(.constdata)
    BUTTON_PORT_SOURCE                       0x080f6b24   Data           1  stm32f4_discovery.o(.constdata)
    BUTTON_PIN_SOURCE                        0x080f6b25   Data           1  stm32f4_discovery.o(.constdata)
    BUTTON_IRQn                              0x080f6b26   Data           1  stm32f4_discovery.o(.constdata)
    BUTTON_PIN                               0x080f6b28   Data           2  stm32f4_discovery.o(.constdata)
    BUTTON_EXTI_LINE                         0x080f6b2a   Data           2  stm32f4_discovery.o(.constdata)
    BUTTON_CLK                               0x080f6b2c   Data           4  stm32f4_discovery.o(.constdata)
    GPIO_PIN                                 0x080f6b30   Data           6  stm32f4_discovery.o(.constdata)
    GPIO_CLK                                 0x080f6b38   Data          12  stm32f4_discovery.o(.constdata)
    Region$$Table$$Base                      0x080f6b44   Number         0  anon$$obj.o(Region$$Table)
    Region$$Table$$Limit                     0x080f6b64   Number         0  anon$$obj.o(Region$$Table)
    RepeatState                              0x20000000   Data           1  main.o(.data)
    lbeep                                    0x20000004   Data           1  main.o(.data)
    AUDIO_RIGHT                              0x20000005   Data           1  main.o(.data)
    AUDIO_OLD_RIGHT                          0x20000006   Data           1  main.o(.data)
    AUDIO_LEFT                               0x20000007   Data           1  main.o(.data)
    AUDIO_OLD_LEFT                           0x20000008   Data           1  main.o(.data)
    timer                                    0x20000009   Data           1  main.o(.data)
    oldtimer                                 0x2000000a   Data           1  main.o(.data)
    lPlay                                    0x2000000b   Data           1  main.o(.data)
    lNeedSave                                0x2000000c   Data           1  main.o(.data)
    CCR_Val                                  0x2000000e   Data           2  main.o(.data)
    loption                                  0x20000010   Data           4  main.o(.data)
    __stdout                                 0x20000014   Data           4  main.o(.data)
    PauseResumeStatus                        0x20000018   Data           1  stm32f4xx_it.o(.data)
    Count                                    0x20000019   Data           1  stm32f4xx_it.o(.data)
    Timer_cnt0                               0x2000001a   Data           1  stm32f4xx_it.o(.data)
    capture                                  0x2000001c   Data           2  stm32f4xx_it.o(.data)
    Timer_cnt1                               0x2000001e   Data           2  stm32f4xx_it.o(.data)
    SystemCoreClock                          0x20000020   Data           4  system_stm32f4xx.o(.data)
    AHBPrescTable                            0x20000024   Data          16  system_stm32f4xx.o(.data)
    volume_right                             0x20000034   Data           1  waveplayer.o(.data)
    AudioPlayStart                           0x20000035   Data           1  waveplayer.o(.data)
    CODECTimeout                             0x2000003c   Data           4  codec.o(.data)
    AudioTotalSize                           0x20000040   Data           4  stm32f4_discovery_audio_codec.o(.data)
    AudioRemSize                             0x20000044   Data           4  stm32f4_discovery_audio_codec.o(.data)
    CurrAudioInterface                       0x20000048   Data           4  stm32f4_discovery_audio_codec.o(.data)
    AUDIO_MAL_DMA_CLOCK                      0x2000004c   Data           4  stm32f4_discovery_audio_codec.o(.data)
    AUDIO_MAL_DMA_STREAM                     0x20000050   Data           4  stm32f4_discovery_audio_codec.o(.data)
    AUDIO_MAL_DMA_DREG                       0x20000054   Data           4  stm32f4_discovery_audio_codec.o(.data)
    AUDIO_MAL_DMA_CHANNEL                    0x20000058   Data           4  stm32f4_discovery_audio_codec.o(.data)
    AUDIO_MAL_DMA_IRQ                        0x2000005c   Data           4  stm32f4_discovery_audio_codec.o(.data)
    AUDIO_MAL_DMA_FLAG_TC                    0x20000060   Data           4  stm32f4_discovery_audio_codec.o(.data)
    AUDIO_MAL_DMA_FLAG_HT                    0x20000064   Data           4  stm32f4_discovery_audio_codec.o(.data)
    AUDIO_MAL_DMA_FLAG_FE                    0x20000068   Data           4  stm32f4_discovery_audio_codec.o(.data)
    AUDIO_MAL_DMA_FLAG_TE                    0x2000006c   Data           4  stm32f4_discovery_audio_codec.o(.data)
    AUDIO_MAL_DMA_FLAG_DME                   0x20000070   Data           4  stm32f4_discovery_audio_codec.o(.data)
    CurrentPos                               0x20000074   Data           4  stm32f4_discovery_audio_codec.o(.data)
    BUTTON_PORT                              0x20000078   Data           4  stm32f4_discovery.o(.data)
    GPIO_PORT                                0x2000007c   Data          12  stm32f4_discovery.o(.data)
    TM_USART1                                0x20000098   Data          16  tm_stm32f4_usart.o(.data)
    TM_USART2                                0x200000a8   Data          16  tm_stm32f4_usart.o(.data)
    TM_UART5                                 0x200000b8   Data          16  tm_stm32f4_usart.o(.data)
    RCC_Clocks                               0x200000c8   Data          16  main.o(.bss)
    tsc_config                               0x200000d8   Data          36  main.o(.bss)
    DMA_InitStructure                        0x20000114   Data          60  stm32f4_discovery_audio_codec.o(.bss)
    TM_USART1_Buffer                         0x20000150   Data          32  tm_stm32f4_usart.o(.bss)
    TM_USART2_Buffer                         0x20000170   Data          32  tm_stm32f4_usart.o(.bss)
    TM_UART5_Buffer                          0x20000190   Data          32  tm_stm32f4_usart.o(.bss)
    __initial_sp                             0x200005b0   Data           0  startup_stm32f4xx.o(STACK)



==============================================================================

Memory Map of the image

  Image Entry point : 0x08000189

  Load Region LR_IROM1 (Base: 0x08000000, Size: 0x000f6c2c, Max: 0x00100000, ABSOLUTE)

    Execution Region ER_IROM1 (Exec base: 0x08000000, Load base: 0x08000000, Size: 0x000f6b64, Max: 0x00100000, ABSOLUTE)

    Exec Addr    Load Addr    Size         Type   Attr      Idx    E Section Name        Object

    0x08000000   0x08000000   0x00000188   Data   RO         3697    RESET               startup_stm32f4xx.o
    0x08000188   0x08000188   0x00000000   Code   RO         3848  * .ARM.Collect$$$$00000000  mc_w.l(entry.o)
    0x08000188   0x08000188   0x00000004   Code   RO         4111    .ARM.Collect$$$$00000001  mc_w.l(entry2.o)
    0x0800018c   0x0800018c   0x00000004   Code   RO         4114    .ARM.Collect$$$$00000004  mc_w.l(entry5.o)
    0x08000190   0x08000190   0x00000000   Code   RO         4116    .ARM.Collect$$$$00000008  mc_w.l(entry7b.o)
    0x08000190   0x08000190   0x00000000   Code   RO         4118    .ARM.Collect$$$$0000000A  mc_w.l(entry8b.o)
    0x08000190   0x08000190   0x00000008   Code   RO         4119    .ARM.Collect$$$$0000000B  mc_w.l(entry9a.o)
    0x08000198   0x08000198   0x00000000   Code   RO         4121    .ARM.Collect$$$$0000000D  mc_w.l(entry10a.o)
    0x08000198   0x08000198   0x00000000   Code   RO         4123    .ARM.Collect$$$$0000000F  mc_w.l(entry11a.o)
    0x08000198   0x08000198   0x00000004   Code   RO         4112    .ARM.Collect$$$$00002712  mc_w.l(entry2.o)
    0x0800019c   0x0800019c   0x00000024   Code   RO         3698    .text               startup_stm32f4xx.o
    0x080001c0   0x080001c0   0x00000024   Code   RO         4140    .text               mc_w.l(init.o)
    0x080001e4   0x080001e4   0x0000000c   Code   RO          364    i.AudioFlashPlay    waveplayer.o
    0x080001f0   0x080001f0   0x0000009c   Code   RO         1289    i.Audio_MAL_IRQHandler  stm32f4_discovery_audio_codec.o
    0x0800028c   0x0800028c   0x00000094   Code   RO         1290    i.Audio_MAL_Init    stm32f4_discovery_audio_codec.o
    0x08000320   0x08000320   0x00000040   Code   RO         1291    i.Audio_MAL_Play    stm32f4_discovery_audio_codec.o
    0x08000360   0x08000360   0x00000002   Code   RO          238    i.BusFault_Handler  stm32f4xx_it.o
    0x08000362   0x08000362   0x00000002   PAD
    0x08000364   0x08000364   0x000000a0   Code   RO         1226    i.Codec_AudioInterface_Init  codec.o
    0x08000404   0x08000404   0x000000a4   Code   RO         1227    i.Codec_CtrlInterface_Init  codec.o
    0x080004a8   0x080004a8   0x000000fc   Code   RO         1228    i.Codec_GPIO_Init   codec.o
    0x080005a4   0x080005a4   0x0000001c   Code   RO         1229    i.Codec_Init        codec.o
    0x080005c0   0x080005c0   0x00000028   Code   RO         1230    i.Codec_Reset       codec.o
    0x080005e8   0x080005e8   0x000000f4   Code   RO         1233    i.Codec_WriteRegister  codec.o
    0x080006dc   0x080006dc   0x00000014   Code   RO         1758    i.DAC_SetChannel1Data  stm32f4xx_dac.o
    0x080006f0   0x080006f0   0x00000004   Code   RO         1292    i.DMA1_Stream0_IRQHandler  stm32f4_discovery_audio_codec.o
    0x080006f4   0x080006f4   0x00000004   Code   RO         1293    i.DMA1_Stream4_IRQHandler  stm32f4_discovery_audio_codec.o
    0x080006f8   0x080006f8   0x0000002c   Code   RO         1859    i.DMA_ClearFlag     stm32f4xx_dma.o
    0x08000724   0x08000724   0x00000014   Code   RO         1861    i.DMA_Cmd           stm32f4xx_dma.o
    0x08000738   0x08000738   0x00000124   Code   RO         1862    i.DMA_DeInit        stm32f4xx_dma.o
    0x0800085c   0x0800085c   0x0000000e   Code   RO         1866    i.DMA_GetCmdStatus  stm32f4xx_dma.o
    0x0800086a   0x0800086a   0x00000002   PAD
    0x0800086c   0x0800086c   0x00000034   Code   RO         1870    i.DMA_GetFlagStatus  stm32f4xx_dma.o
    0x080008a0   0x080008a0   0x0000002c   Code   RO         1872    i.DMA_ITConfig      stm32f4xx_dma.o
    0x080008cc   0x080008cc   0x00000054   Code   RO         1873    i.DMA_Init          stm32f4xx_dma.o
    0x08000920   0x08000920   0x00000002   Code   RO          239    i.DebugMon_Handler  stm32f4xx_it.o
    0x08000922   0x08000922   0x00000002   PAD
    0x08000924   0x08000924   0x0000003c   Code   RO         1294    i.EVAL_AUDIO_DeInit  stm32f4_discovery_audio_codec.o
    0x08000960   0x08000960   0x00000004   Code   RO          367    i.EVAL_AUDIO_GetSampleCallBack  waveplayer.o
    0x08000964   0x08000964   0x00000020   Code   RO         1295    i.EVAL_AUDIO_Init   stm32f4_discovery_audio_codec.o
    0x08000984   0x08000984   0x0000004c   Code   RO         1296    i.EVAL_AUDIO_Play   stm32f4_discovery_audio_codec.o
    0x080009d0   0x080009d0   0x00000088   Code   RO         1297    i.EVAL_AUDIO_SetAudioInterface  stm32f4_discovery_audio_codec.o
    0x08000a58   0x08000a58   0x00000020   Code   RO          369    i.EVAL_AUDIO_TransferComplete_CallBack  waveplayer.o
    0x08000a78   0x08000a78   0x00000012   Code   RO          240    i.EXTI0_IRQHandler  stm32f4xx_it.o
    0x08000a8a   0x08000a8a   0x00000002   PAD
    0x08000a8c   0x08000a8c   0x00000034   Code   RO          241    i.EXTI1_IRQHandler  stm32f4xx_it.o
    0x08000ac0   0x08000ac0   0x0000000c   Code   RO         1984    i.EXTI_ClearITPendingBit  stm32f4xx_exti.o
    0x08000acc   0x08000acc   0x00000020   Code   RO         1988    i.EXTI_GetITStatus  stm32f4xx_exti.o
    0x08000aec   0x08000aec   0x000000a2   Code   RO         2232    i.GPIO_Init         stm32f4xx_gpio.o
    0x08000b8e   0x08000b8e   0x00000020   Code   RO         2233    i.GPIO_PinAFConfig  stm32f4xx_gpio.o
    0x08000bae   0x08000bae   0x00000002   Code   RO          242    i.HardFault_Handler  stm32f4xx_it.o
    0x08000bb0   0x08000bb0   0x00000018   Code   RO         2328    i.I2C_CheckEvent    stm32f4xx_i2c.o
    0x08000bc8   0x08000bc8   0x00000014   Code   RO         2331    i.I2C_Cmd           stm32f4xx_i2c.o
    0x08000bdc   0x08000bdc   0x00000044   Code   RO         2334    i.I2C_DeInit        stm32f4xx_i2c.o
    0x08000c20   0x08000c20   0x00000014   Code   RO         2338    i.I2C_GenerateSTART  stm32f4xx_i2c.o
    0x08000c34   0x08000c34   0x00000014   Code   RO         2339    i.I2C_GenerateSTOP  stm32f4xx_i2c.o
    0x08000c48   0x08000c48   0x0000002a   Code   RO         2340    i.I2C_GetFlagStatus  stm32f4xx_i2c.o
    0x08000c72   0x08000c72   0x00000002   PAD
    0x08000c74   0x08000c74   0x000000b8   Code   RO         2345    i.I2C_Init          stm32f4xx_i2c.o
    0x08000d2c   0x08000d2c   0x00000010   Code   RO         2352    i.I2C_Send7bitAddress  stm32f4xx_i2c.o
    0x08000d3c   0x08000d3c   0x00000004   Code   RO         2353    i.I2C_SendData      stm32f4xx_i2c.o
    0x08000d40   0x08000d40   0x00000014   Code   RO         2809    i.I2S_Cmd           stm32f4xx_spi.o
    0x08000d54   0x08000d54   0x0000003a   Code   RO         2810    i.I2S_FullDuplexConfig  stm32f4xx_spi.o
    0x08000d8e   0x08000d8e   0x00000002   PAD
    0x08000d90   0x08000d90   0x000000c8   Code   RO         2811    i.I2S_Init          stm32f4xx_spi.o
    0x08000e58   0x08000e58   0x00000002   Code   RO          243    i.MemManage_Handler  stm32f4xx_it.o
    0x08000e5a   0x08000e5a   0x00000002   Code   RO          244    i.NMI_Handler       stm32f4xx_it.o
    0x08000e5c   0x08000e5c   0x00000064   Code   RO         1469    i.NVIC_Init         misc.o
    0x08000ec0   0x08000ec0   0x00000014   Code   RO         1470    i.NVIC_PriorityGroupConfig  misc.o
    0x08000ed4   0x08000ed4   0x00000014   Code   RO         1471    i.NVIC_SetVectorTable  misc.o
    0x08000ee8   0x08000ee8   0x00000002   Code   RO          245    i.PendSV_Handler    stm32f4xx_it.o
    0x08000eea   0x08000eea   0x00000002   PAD
    0x08000eec   0x08000eec   0x00000018   Code   RO         2533    i.RCC_AHB1PeriphClockCmd  stm32f4xx_rcc.o
    0x08000f04   0x08000f04   0x00000018   Code   RO         2542    i.RCC_APB1PeriphClockCmd  stm32f4xx_rcc.o
    0x08000f1c   0x08000f1c   0x00000018   Code   RO         2544    i.RCC_APB1PeriphResetCmd  stm32f4xx_rcc.o
    0x08000f34   0x08000f34   0x00000018   Code   RO         2547    i.RCC_APB2PeriphResetCmd  stm32f4xx_rcc.o
    0x08000f4c   0x08000f4c   0x00000090   Code   RO         2554    i.RCC_GetClocksFreq  stm32f4xx_rcc.o
    0x08000fdc   0x08000fdc   0x00000044   Code   RO         1298    i.SPI2_IRQHandler   stm32f4_discovery_audio_codec.o
    0x08001020   0x08001020   0x00000010   Code   RO         2821    i.SPI_I2S_DMACmd    stm32f4xx_spi.o
    0x08001030   0x08001030   0x00000054   Code   RO         2822    i.SPI_I2S_DeInit    stm32f4xx_spi.o
    0x08001084   0x08001084   0x0000000e   Code   RO         2823    i.SPI_I2S_GetFlagStatus  stm32f4xx_spi.o
    0x08001092   0x08001092   0x00000004   Code   RO         2827    i.SPI_I2S_SendData  stm32f4xx_spi.o
    0x08001096   0x08001096   0x00000002   PAD
    0x08001098   0x08001098   0x00000048   Code   RO         1367    i.STM_EVAL_LEDInit  stm32f4_discovery.o
    0x080010e0   0x080010e0   0x00000018   Code   RO         1368    i.STM_EVAL_LEDOff   stm32f4_discovery.o
    0x080010f8   0x080010f8   0x00000018   Code   RO         1369    i.STM_EVAL_LEDOn    stm32f4_discovery.o
    0x08001110   0x08001110   0x00000002   Code   RO          246    i.SVC_Handler       stm32f4xx_it.o
    0x08001112   0x08001112   0x00000002   PAD
    0x08001114   0x08001114   0x000000d8   Code   RO          331    i.SetSysClock       system_stm32f4xx.o
    0x080011ec   0x080011ec   0x00000004   Code   RO          247    i.SysTick_Handler   stm32f4xx_it.o
    0x080011f0   0x080011f0   0x0000005c   Code   RO          333    i.SystemInit        system_stm32f4xx.o
    0x0800124c   0x0800124c   0x00000074   Code   RO          248    i.TIM4_IRQHandler   stm32f4xx_it.o
    0x080012c0   0x080012c0   0x00000014   Code   RO         2971    i.TIM_ARRPreloadConfig  stm32f4xx_tim.o
    0x080012d4   0x080012d4   0x00000006   Code   RO         2978    i.TIM_ClearITPendingBit  stm32f4xx_tim.o
    0x080012da   0x080012da   0x00000014   Code   RO         2983    i.TIM_Cmd           stm32f4xx_tim.o
    0x080012ee   0x080012ee   0x00000004   Code   RO         2998    i.TIM_GetCapture1   stm32f4xx_tim.o
    0x080012f2   0x080012f2   0x00000018   Code   RO         3004    i.TIM_GetITStatus   stm32f4xx_tim.o
    0x0800130a   0x0800130a   0x00000010   Code   RO         3008    i.TIM_ITConfig      stm32f4xx_tim.o
    0x0800131a   0x0800131a   0x00000002   PAD
    0x0800131c   0x0800131c   0x000000a8   Code   RO          122    i.TIM_LED_Config    main.o
    0x080013c4   0x080013c4   0x00000060   Code   RO         3012    i.TIM_OC1Init       stm32f4xx_tim.o
    0x08001424   0x08001424   0x0000000c   Code   RO         3015    i.TIM_OC1PreloadConfig  stm32f4xx_tim.o
    0x08001430   0x08001430   0x00000004   Code   RO         3045    i.TIM_SetCompare1   stm32f4xx_tim.o
    0x08001434   0x08001434   0x0000007c   Code   RO         3055    i.TIM_TimeBaseInit  stm32f4xx_tim.o
    0x080014b0   0x080014b0   0x00000010   Code   RO         1002    i.TM_GPIO_GetPortSource  tm_stm32f4_gpio.o
    0x080014c0   0x080014c0   0x00000018   Code   RO         1005    i.TM_GPIO_INT_EnableClock  tm_stm32f4_gpio.o
    0x080014d8   0x080014d8   0x000000a0   Code   RO         1006    i.TM_GPIO_INT_Init  tm_stm32f4_gpio.o
    0x08001578   0x08001578   0x00000060   Code   RO         1008    i.TM_GPIO_InitAlternate  tm_stm32f4_gpio.o
    0x080015d8   0x080015d8   0x00000044   Code   RO         3703    i.TM_UART5_InitPins  tm_stm32f4_usart.o
    0x0800161c   0x0800161c   0x00000048   Code   RO         3704    i.TM_USART1_InitPins  tm_stm32f4_usart.o
    0x08001664   0x08001664   0x00000044   Code   RO         3705    i.TM_USART2_InitPins  tm_stm32f4_usart.o
    0x080016a8   0x080016a8   0x00000030   Code   RO         3712    i.TM_USART_INT_GetSubPriority  tm_stm32f4_usart.o
    0x080016d8   0x080016d8   0x00000038   Code   RO         3713    i.TM_USART_INT_GetUsart  tm_stm32f4_usart.o
    0x08001710   0x08001710   0x000000ec   Code   RO         3714    i.TM_USART_INT_Init  tm_stm32f4_usart.o
    0x080017fc   0x080017fc   0x00000026   Code   RO         3715    i.TM_USART_INT_InsertToBuffer  tm_stm32f4_usart.o
    0x08001822   0x08001822   0x00000002   PAD
    0x08001824   0x08001824   0x00000054   Code   RO         3716    i.TM_USART_Init     tm_stm32f4_usart.o
    0x08001878   0x08001878   0x00000002   Code   RO         3717    i.TM_USART_InitCustomPinsCallback  tm_stm32f4_usart.o
    0x0800187a   0x0800187a   0x00000002   PAD
    0x0800187c   0x0800187c   0x00000014   Code   RO          370    i.TimingDelay_Decrement  waveplayer.o
    0x08001890   0x08001890   0x0000001c   Code   RO         3722    i.UART5_IRQHandler  tm_stm32f4_usart.o
    0x080018ac   0x080018ac   0x0000001c   Code   RO         3723    i.USART1_IRQHandler  tm_stm32f4_usart.o
    0x080018c8   0x080018c8   0x00000020   Code   RO         3724    i.USART2_IRQHandler  tm_stm32f4_usart.o
    0x080018e8   0x080018e8   0x0000008c   Code   RO         3518    i.USART_DeInit      stm32f4xx_usart.o
    0x08001974   0x08001974   0x000000ac   Code   RO         3523    i.USART_Init        stm32f4xx_usart.o
    0x08001a20   0x08001a20   0x00000002   Code   RO          249    i.UsageFault_Handler  stm32f4xx_it.o
    0x08001a22   0x08001a22   0x00000002   PAD
    0x08001a24   0x08001a24   0x00000034   Code   RO          371    i.WavePlayBack      waveplayer.o
    0x08001a58   0x08001a58   0x00000020   Code   RO          372    i.WavePlayerInit    waveplayer.o
    0x08001a78   0x08001a78   0x00000010   Code   RO         3852    i.__0printf$bare    mc_w.l(printfb.o)
    0x08001a88   0x08001a88   0x0000000e   Code   RO         4152    i.__scatterload_copy  mc_w.l(handlers.o)
    0x08001a96   0x08001a96   0x00000002   Code   RO         4153    i.__scatterload_null  mc_w.l(handlers.o)
    0x08001a98   0x08001a98   0x0000000e   Code   RO         4154    i.__scatterload_zeroinit  mc_w.l(handlers.o)
    0x08001aa6   0x08001aa6   0x00000022   Code   RO         3859    i._printf_core      mc_w.l(printfb.o)
    0x08001ac8   0x08001ac8   0x00000028   Code   RO          125    i.fputc             main.o
    0x08001af0   0x08001af0   0x000000a8   Code   RO          127    i.main              main.o
    0x08001b98   0x08001b98   0x000f4f76   Data   RO            2    .constdata          audio_sample.o
    0x080f6b0e   0x080f6b0e   0x00000014   Data   RO         1234    .constdata          codec.o
    0x080f6b22   0x080f6b22   0x00000002   PAD
    0x080f6b24   0x080f6b24   0x00000020   Data   RO         1373    .constdata          stm32f4_discovery.o
    0x080f6b44   0x080f6b44   0x00000020   Data   RO         4150    Region$$Table       anon$$obj.o


    Execution Region RW_IRAM1 (Exec base: 0x20000000, Load base: 0x080f6b64, Size: 0x000005b0, Max: 0x00020000, ABSOLUTE)

    Exec Addr    Load Addr    Size         Type   Attr      Idx    E Section Name        Object

    0x20000000   0x080f6b64   0x00000001   Data   RW          131    .data               main.o
    0x20000001   0x080f6b65   0x00000003   PAD
    0x20000004   0x080f6b68   0x00000010   Data   RW          132    .data               main.o
    0x20000014   0x080f6b78   0x00000004   Data   RW          134    .data               main.o
    0x20000018   0x080f6b7c   0x00000008   Data   RW          250    .data               stm32f4xx_it.o
    0x20000020   0x080f6b84   0x00000014   Data   RW          334    .data               system_stm32f4xx.o
    0x20000034   0x080f6b98   0x00000008   Data   RW          377    .data               waveplayer.o
    0x2000003c   0x080f6ba0   0x00000004   Data   RW         1235    .data               codec.o
    0x20000040   0x080f6ba4   0x00000038   Data   RW         1301    .data               stm32f4_discovery_audio_codec.o
    0x20000078   0x080f6bdc   0x00000010   Data   RW         1374    .data               stm32f4_discovery.o
    0x20000088   0x080f6bec   0x00000010   Data   RW         2577    .data               stm32f4xx_rcc.o
    0x20000098   0x080f6bfc   0x00000030   Data   RW         3728    .data               tm_stm32f4_usart.o
    0x200000c8        -       0x00000034   Zero   RW          130    .bss                main.o
    0x200000fc        -       0x00000016   Zero   RW         1015    .bss                tm_stm32f4_gpio.o
    0x20000112   0x080f6c2c   0x00000002   PAD
    0x20000114        -       0x0000003c   Zero   RW         1299    .bss                stm32f4_discovery_audio_codec.o
    0x20000150        -       0x00000020   Zero   RW         3725    .bss                tm_stm32f4_usart.o
    0x20000170        -       0x00000020   Zero   RW         3726    .bss                tm_stm32f4_usart.o
    0x20000190        -       0x00000020   Zero   RW         3727    .bss                tm_stm32f4_usart.o
    0x200001b0        -       0x00000400   Zero   RW         3695    STACK               startup_stm32f4xx.o


==============================================================================

Image component sizes


      Code (inc. data)   RO Data    RW Data    ZI Data      Debug   Object Name

         0          0    1003382          0          0     293651   audio_sample.o
       888        176         20          4          0       5119   codec.o
       376         30          0         21         52      33396   main.o
       140         22          0          0          0       2537   misc.o
        36          8        392          0       1024        968   startup_stm32f4xx.o
       120         26         32         16          0       3191   stm32f4_discovery.o
       748         84          0         56         60       9754   stm32f4_discovery_audio_codec.o
        20          6          0          0          0       1486   stm32f4xx_dac.o
       550         48          0          0          0       6884   stm32f4xx_dma.o
        44         10          0          0          0       1436   stm32f4xx_exti.o
       194          0          0          0          0       2139   stm32f4xx_gpio.o
       398         22          0          0          0       7431   stm32f4xx_i2c.o
       206         26          0          8          0       7401   stm32f4xx_it.o
       240         36          0         16          0       5852   stm32f4xx_rcc.o
       396         22          0          0          0       6241   stm32f4xx_spi.o
       326         36          0          0          0       8965   stm32f4xx_tim.o
       312         34          0          0          0       2632   stm32f4xx_usart.o
       308         44          0         20          0       2061   system_stm32f4xx.o
       296         16          0          0         22       3535   tm_stm32f4_gpio.o
       760        124          0         48         96       9802   tm_stm32f4_usart.o
       152         36          0          8          0       8471   waveplayer.o

    ----------------------------------------------------------------------
      6536        806    1003860        200       1256     422952   Object Totals
         0          0         32          0          0          0   (incl. Generated)
        26          0          2          3          2          0   (incl. Padding)

    ----------------------------------------------------------------------

      Code (inc. data)   RO Data    RW Data    ZI Data      Debug   Library Member Name

         0          0          0          0          0          0   entry.o
         0          0          0          0          0          0   entry10a.o
         0          0          0          0          0          0   entry11a.o
         8          4          0          0          0          0   entry2.o
         4          0          0          0          0          0   entry5.o
         0          0          0          0          0          0   entry7b.o
         0          0          0          0          0          0   entry8b.o
         8          4          0          0          0          0   entry9a.o
        30          0          0          0          0          0   handlers.o
        36          8          0          0          0         68   init.o
        50          8          0          0          0        152   printfb.o

    ----------------------------------------------------------------------
       136         24          0          0          0        220   Library Totals
         0          0          0          0          0          0   (incl. Padding)

    ----------------------------------------------------------------------

      Code (inc. data)   RO Data    RW Data    ZI Data      Debug   Library Name

       136         24          0          0          0        220   mc_w.l

    ----------------------------------------------------------------------
       136         24          0          0          0        220   Library Totals

    ----------------------------------------------------------------------

==============================================================================


      Code (inc. data)   RO Data    RW Data    ZI Data      Debug   

      6672        830    1003860        200       1256     413524   Grand Totals
      6672        830    1003860        200       1256     413524   ELF Image Totals
      6672        830    1003860        200          0          0   ROM Totals

==============================================================================

    Total RO  Size (Code + RO Data)              1010532 ( 986.85kB)
    Total RW  Size (RW Data + ZI Data)              1456 (   1.42kB)
    Total ROM Size (Code + RO Data + RW Data)    1010732 ( 987.04kB)

==============================================================================

